Component: ARM Compiler 5.06 update 6 (build 750) Tool: armlink [4d35ed]

==============================================================================

Section Cross References

    main.o(i.WIFI_send_id) refers to stm32f10x_usart.o(i.USART_GetFlagStatus) for USART_GetFlagStatus
    main.o(i.WIFI_send_id) refers to stm32f10x_usart.o(i.USART_SendData) for USART_SendData
    main.o(i.main) refers to _printf_percent.o(.ARM.Collect$$_printf_percent$$00000000) for _printf_percent
    main.o(i.main) refers to _printf_d.o(.ARM.Collect$$_printf_percent$$00000009) for _printf_d
    main.o(i.main) refers to _printf_dec.o(.text) for _printf_int_dec
    main.o(i.main) refers to system_stm32f10x.o(i.SystemInit) for SystemInit
    main.o(i.main) refers to misc.o(i.NVIC_PriorityGroupConfig) for NVIC_PriorityGroupConfig
    main.o(i.main) refers to delay.o(i.DelayInit) for DelayInit
    main.o(i.main) refers to usart.o(i.uart_init) for uart_init
    main.o(i.main) refers to usart.o(i.usart2_init) for usart2_init
    main.o(i.main) refers to usart.o(i.usart3_init) for usart3_init
    main.o(i.main) refers to as608.o(i.PS_StaGPIO_Init) for PS_StaGPIO_Init
    main.o(i.main) refers to exti.o(i.FP_WAK_Init) for FP_WAK_Init
    main.o(i.main) refers to mytim.o(i.TIM2_Int_Init) for TIM2_Int_Init
    main.o(i.main) refers to main.o(i.user_led_init) for user_led_init
    main.o(i.main) refers to servo.o(i.servo_init) for servo_init
    main.o(i.main) refers to as608.o(i.PS_ReadSysPara) for PS_ReadSysPara
    main.o(i.main) refers to __2printf.o(.text) for __2printf
    main.o(i.main) refers to stm32f10x_gpio.o(i.GPIO_SetBits) for GPIO_SetBits
    main.o(i.main) refers to as608.o(i.press_FR) for press_FR
    main.o(i.main) refers to stm32f10x_gpio.o(i.GPIO_ResetBits) for GPIO_ResetBits
    main.o(i.main) refers to servo.o(i.servo_control) for servo_control
    main.o(i.main) refers to as608.o(.bss) for AS608Para
    main.o(i.main) refers to as608.o(.data) for ValidN
    main.o(i.main) refers to exti.o(.data) for FP_WAK_Trig
    main.o(i.main) refers to main.o(.data) for FP_Trig_Flag
    main.o(i.user_led_init) refers to stm32f10x_rcc.o(i.RCC_APB2PeriphClockCmd) for RCC_APB2PeriphClockCmd
    main.o(i.user_led_init) refers to stm32f10x_gpio.o(i.GPIO_DeInit) for GPIO_DeInit
    main.o(i.user_led_init) refers to stm32f10x_gpio.o(i.GPIO_Init) for GPIO_Init
    main.o(i.user_led_init) refers to main.o(.constdata) for .constdata
    stm32f10x_adc.o(i.ADC_DeInit) refers to stm32f10x_rcc.o(i.RCC_APB2PeriphResetCmd) for RCC_APB2PeriphResetCmd
    stm32f10x_bkp.o(i.BKP_DeInit) refers to stm32f10x_rcc.o(i.RCC_BackupResetCmd) for RCC_BackupResetCmd
    stm32f10x_can.o(i.CAN_DeInit) refers to stm32f10x_rcc.o(i.RCC_APB1PeriphResetCmd) for RCC_APB1PeriphResetCmd
    stm32f10x_can.o(i.CAN_GetITStatus) refers to stm32f10x_can.o(i.CheckITStatus) for CheckITStatus
    stm32f10x_cec.o(i.CEC_DeInit) refers to stm32f10x_rcc.o(i.RCC_APB1PeriphResetCmd) for RCC_APB1PeriphResetCmd
    stm32f10x_dac.o(i.DAC_DeInit) refers to stm32f10x_rcc.o(i.RCC_APB1PeriphResetCmd) for RCC_APB1PeriphResetCmd
    stm32f10x_flash.o(i.FLASH_EnableWriteProtection) refers to stm32f10x_flash.o(i.FLASH_WaitForLastOperation) for FLASH_WaitForLastOperation
    stm32f10x_flash.o(i.FLASH_EraseAllBank1Pages) refers to stm32f10x_flash.o(i.FLASH_WaitForLastBank1Operation) for FLASH_WaitForLastBank1Operation
    stm32f10x_flash.o(i.FLASH_EraseAllPages) refers to stm32f10x_flash.o(i.FLASH_WaitForLastOperation) for FLASH_WaitForLastOperation
    stm32f10x_flash.o(i.FLASH_EraseOptionBytes) refers to stm32f10x_flash.o(i.FLASH_GetReadOutProtectionStatus) for FLASH_GetReadOutProtectionStatus
    stm32f10x_flash.o(i.FLASH_EraseOptionBytes) refers to stm32f10x_flash.o(i.FLASH_WaitForLastOperation) for FLASH_WaitForLastOperation
    stm32f10x_flash.o(i.FLASH_ErasePage) refers to stm32f10x_flash.o(i.FLASH_WaitForLastOperation) for FLASH_WaitForLastOperation
    stm32f10x_flash.o(i.FLASH_ProgramHalfWord) refers to stm32f10x_flash.o(i.FLASH_WaitForLastOperation) for FLASH_WaitForLastOperation
    stm32f10x_flash.o(i.FLASH_ProgramOptionByteData) refers to stm32f10x_flash.o(i.FLASH_WaitForLastOperation) for FLASH_WaitForLastOperation
    stm32f10x_flash.o(i.FLASH_ProgramWord) refers to stm32f10x_flash.o(i.FLASH_WaitForLastOperation) for FLASH_WaitForLastOperation
    stm32f10x_flash.o(i.FLASH_ReadOutProtection) refers to stm32f10x_flash.o(i.FLASH_WaitForLastOperation) for FLASH_WaitForLastOperation
    stm32f10x_flash.o(i.FLASH_UserOptionByteConfig) refers to stm32f10x_flash.o(i.FLASH_WaitForLastOperation) for FLASH_WaitForLastOperation
    stm32f10x_flash.o(i.FLASH_WaitForLastBank1Operation) refers to stm32f10x_flash.o(i.FLASH_GetBank1Status) for FLASH_GetBank1Status
    stm32f10x_flash.o(i.FLASH_WaitForLastOperation) refers to stm32f10x_flash.o(i.FLASH_GetBank1Status) for FLASH_GetBank1Status
[...]
    ../clib/printf.c                         0x00000000   Number         0  __printf.o ABSOLUTE
    ../clib/printf.c                         0x00000000   Number         0  __printf_flags_wp.o ABSOLUTE
    ../clib/printf.c                         0x00000000   Number         0  __printf_wp.o ABSOLUTE
    ../clib/printf.c                         0x00000000   Number         0  __printf_flags_ss.o ABSOLUTE
    ../clib/printf.c                         0x00000000   Number         0  _printf_intcommon.o ABSOLUTE
    ../clib/printf.c                         0x00000000   Number         0  _printf_oct_int_ll.o ABSOLUTE
    ../clib/printf.c                         0x00000000   Number         0  _printf_oct_int.o ABSOLUTE
    ../clib/printf.c                         0x00000000   Number         0  _printf_oct_ll.o ABSOLUTE
    ../clib/printf.c                         0x00000000   Number         0  _printf_hex_int.o ABSOLUTE
    ../clib/printf.c                         0x00000000   Number         0  _printf_longlong_dec.o ABSOLUTE
    ../clib/printf.c                         0x00000000   Number         0  _printf_wctomb.o ABSOLUTE
    ../clib/printf.c                         0x00000000   Number         0  _printf_char_file.o ABSOLUTE
    ../clib/printf.c                         0x00000000   Number         0  _printf_char.o ABSOLUTE
    ../clib/printf.c                         0x00000000   Number         0  _printf_char_common.o ABSOLUTE
    ../clib/printf.c                         0x00000000   Number         0  _printf_truncate.o ABSOLUTE
    ../clib/printf.c                         0x00000000   Number         0  __printf_ss.o ABSOLUTE
    ../clib/printf.c                         0x00000000   Number         0  __printf_flags.o ABSOLUTE
    ../clib/printf.c                         0x00000000   Number         0  _printf_hex_int_ll_ptr.o ABSOLUTE
    ../clib/printf.c                         0x00000000   Number         0  vsprintf.o ABSOLUTE
    ../clib/printf.c                         0x00000000   Number         0  __2printf.o ABSOLUTE
    ../clib/printf.c                         0x00000000   Number         0  __printf_flags_ss_wp.o ABSOLUTE
    ../clib/printf_percent.s                 0x00000000   Number         0  _printf_l.o ABSOLUTE
    ../clib/printf_percent.s                 0x00000000   Number         0  _printf_ll.o ABSOLUTE
    ../clib/printf_percent.s                 0x00000000   Number         0  _printf_llu.o ABSOLUTE
    ../clib/printf_percent.s                 0x00000000   Number         0  _printf_lli.o ABSOLUTE
    ../clib/printf_percent.s                 0x00000000   Number         0  _printf_percent_end.o ABSOLUTE
    ../clib/printf_percent.s                 0x00000000   Number         0  _printf_ls.o ABSOLUTE
    ../clib/printf_percent.s                 0x00000000   Number         0  _printf_percent.o ABSOLUTE
    ../clib/printf_percent.s                 0x00000000   Number         0  _printf_u.o ABSOLUTE
    ../clib/printf_percent.s                 0x00000000   Number         0  _printf_g.o ABSOLUTE
    ../clib/printf_percent.s                 0x00000000   Number         0  _printf_e.o ABSOLUTE
    ../clib/printf_percent.s                 0x00000000   Number         0  _printf_d.o ABSOLUTE
    ../clib/printf_percent.s                 0x00000000   Number         0  _printf_i.o ABSOLUTE
    ../clib/printf_percent.s                 0x00000000   Number         0  _printf_o.o ABSOLUTE
    ../clib/printf_percent.s                 0x00000000   Number         0  _printf_p.o ABSOLUTE
    ../clib/printf_percent.s                 0x00000000   Number         0  _printf_n.o ABSOLUTE
    ../clib/printf_percent.s                 0x00000000   Number         0  _printf_x.o ABSOLUTE
    ../clib/printf_percent.s                 0x00000000   Number         0  _printf_s.o ABSOLUTE
    ../clib/printf_percent.s                 0x00000000   Number         0  _printf_c.o ABSOLUTE
    ../clib/printf_percent.s                 0x00000000   Number         0  _printf_lc.o ABSOLUTE
    ../clib/printf_percent.s                 0x00000000   Number         0  _printf_lld.o ABSOLUTE
    ../clib/printf_percent.s                 0x00000000   Number         0  _printf_f.o ABSOLUTE
    ../clib/printf_percent.s                 0x00000000   Number         0  _printf_a.o ABSOLUTE
    ../clib/printf_percent.s                 0x00000000   Number         0  _printf_llx.o ABSOLUTE
    ../clib/printf_percent.s                 0x00000000   Number         0  _printf_llo.o ABSOLUTE
    ../clib/signal.c                         0x00000000   Number         0  defsig_abrt_inner.o ABSOLUTE
    ../clib/signal.c                         0x00000000   Number         0  defsig_general.o ABSOLUTE
    ../clib/signal.c                         0x00000000   Number         0  __raise.o ABSOLUTE
    ../clib/signal.c                         0x00000000   Number         0  defsig_rtmem_inner.o ABSOLUTE
    ../clib/signal.c                         0x00000000   Number         0  defsig_exit.o ABSOLUTE
    ../clib/signal.c                         0x00000000   Number         0  defsig_fpe_inner.o ABSOLUTE
    ../clib/signal.c                         0x00000000   Number         0  defsig_rtred_inner.o ABSOLUTE
    ../clib/signal.c                         0x00000000   Number         0  defsig_stak_inner.o ABSOLUTE
    ../clib/signal.c                         0x00000000   Number         0  defsig_other.o ABSOLUTE
    ../clib/signal.c                         0x00000000   Number         0  defsig_rtmem_outer.o ABSOLUTE
    ../clib/signal.c                         0x00000000   Number         0  defsig_cppl_inner.o ABSOLUTE
    ../clib/signal.c                         0x00000000   Number         0  defsig_segv_inner.o ABSOLUTE
    ../clib/signal.c                         0x00000000   Number         0  defsig_pvfn_inner.o ABSOLUTE
    ../clib/signal.c                         0x00000000   Number         0  defsig_rtmem_formal.o ABSOLUTE
    ../clib/signal.s                         0x00000000   Number         0  defsig.o ABSOLUTE
    ../clib/stdio.c                          0x00000000   Number         0  ferror.o ABSOLUTE
    ../clib/stdio.c                          0x00000000   Number         0  ferror_locked.o ABSOLUTE
    ../clib/stdlib.c                         0x00000000   Number         0  exit.o ABSOLUTE
    ../clib/string.c                         0x00000000   Number         0  strstr.o ABSOLUTE
    ../clib/string.c                         0x00000000   Number         0  strlen.o ABSOLUTE
    ../fplib/fpinit.s                        0x00000000   Number         0  fpinit.o ABSOLUTE
    ../fplib/istatus.s                       0x00000000   Number         0  istatus.o ABSOLUTE
    ../fplib/printf1.s                       0x00000000   Number         0  printf1.o ABSOLUTE
    ../fplib/printf2.s                       0x00000000   Number         0  printf2.o ABSOLUTE
    ../fplib/printf2a.s                      0x00000000   Number         0  printf2a.o ABSOLUTE
    ../fplib/printf2b.s                      0x00000000   Number         0  printf2b.o ABSOLUTE
    ../fplib/usenofp.s                       0x00000000   Number         0  usenofp.o ABSOLUTE
    ../mathlib/fpclassify.c                  0x00000000   Number         0  fpclassify.o ABSOLUTE
    HARDWARE\AS608_FP\as608.c                0x00000000   Number         0  as608.o ABSOLUTE
    HARDWARE\servo\servo.c                   0x00000000   Number         0  servo.o ABSOLUTE
    Lib\CMSIS\STARTUP\startup_stm32f10x_md.s 0x00000000   Number         0  startup_stm32f10x_md.o ABSOLUTE
    Lib\CMSIS\core_cm3.c                     0x00000000   Number         0  core_cm3.o ABSOLUTE
    Lib\CMSIS\system_stm32f10x.c             0x00000000   Number         0  system_stm32f10x.o ABSOLUTE
    Lib\FWLib\src\misc.c                     0x00000000   Number         0  misc.o ABSOLUTE
    Lib\FWLib\src\stm32f10x_adc.c            0x00000000   Number         0  stm32f10x_adc.o ABSOLUTE
    Lib\FWLib\src\stm32f10x_bkp.c            0x00000000   Number         0  stm32f10x_bkp.o ABSOLUTE
    Lib\FWLib\src\stm32f10x_can.c            0x00000000   Number         0  stm32f10x_can.o ABSOLUTE
    Lib\FWLib\src\stm32f10x_cec.c            0x00000000   Number         0  stm32f10x_cec.o ABSOLUTE
    Lib\FWLib\src\stm32f10x_crc.c            0x00000000   Number         0  stm32f10x_crc.o ABSOLUTE
    Lib\FWLib\src\stm32f10x_dac.c            0x00000000   Number         0  stm32f10x_dac.o ABSOLUTE
    Lib\FWLib\src\stm32f10x_dbgmcu.c         0x00000000   Number         0  stm32f10x_dbgmcu.o ABSOLUTE
    Lib\FWLib\src\stm32f10x_dma.c            0x00000000   Number         0  stm32f10x_dma.o ABSOLUTE
    Lib\FWLib\src\stm32f10x_exti.c           0x00000000   Number         0  stm32f10x_exti.o ABSOLUTE
    Lib\FWLib\src\stm32f10x_flash.c          0x00000000   Number         0  stm32f10x_flash.o ABSOLUTE
    Lib\FWLib\src\stm32f10x_fsmc.c           0x00000000   Number         0  stm32f10x_fsmc.o ABSOLUTE
    Lib\FWLib\src\stm32f10x_gpio.c           0x00000000   Number         0  stm32f10x_gpio.o ABSOLUTE
    Lib\FWLib\src\stm32f10x_i2c.c            0x00000000   Number         0  stm32f10x_i2c.o ABSOLUTE
    Lib\FWLib\src\stm32f10x_iwdg.c           0x00000000   Number         0  stm32f10x_iwdg.o ABSOLUTE
    Lib\FWLib\src\stm32f10x_pwr.c            0x00000000   Number         0  stm32f10x_pwr.o ABSOLUTE
    Lib\FWLib\src\stm32f10x_rcc.c            0x00000000   Number         0  stm32f10x_rcc.o ABSOLUTE
    Lib\FWLib\src\stm32f10x_rtc.c            0x00000000   Number         0  stm32f10x_rtc.o ABSOLUTE
    Lib\FWLib\src\stm32f10x_sdio.c           0x00000000   Number         0  stm32f10x_sdio.o ABSOLUTE
    Lib\FWLib\src\stm32f10x_spi.c            0x00000000   Number         0  stm32f10x_spi.o ABSOLUTE
    Lib\FWLib\src\stm32f10x_tim.c            0x00000000   Number         0  stm32f10x_tim.o ABSOLUTE
    Lib\FWLib\src\stm32f10x_usart.c          0x00000000   Number         0  stm32f10x_usart.o ABSOLUTE
    Lib\FWLib\src\stm32f10x_wwdg.c           0x00000000   Number         0  stm32f10x_wwdg.o ABSOLUTE
    Lib\\CMSIS\\core_cm3.c                   0x00000000   Number         0  core_cm3.o ABSOLUTE
    SYSTEM\EXTI\EXTI.c                       0x00000000   Number         0  exti.o ABSOLUTE
    SYSTEM\TIM\myTIM.c                       0x00000000   Number         0  mytim.o ABSOLUTE
    SYSTEM\USART\usart.c                     0x00000000   Number         0  usart.o ABSOLUTE
    SYSTEM\delay\delay.c                     0x00000000   Number         0  delay.o ABSOLUTE
    USMART\usmart.c                          0x00000000   Number         0  usmart.o ABSOLUTE
    USMART\usmart_config.c                   0x00000000   Number         0  usmart_config.o ABSOLUTE
    USMART\usmart_str.c                      0x00000000   Number         0  usmart_str.o ABSOLUTE
    User\\sys.c                              0x00000000   Number         0  sys.o ABSOLUTE
    User\main.c                              0x00000000   Number         0  main.o ABSOLUTE
    User\stm32f10x_it.c                      0x00000000   Number         0  stm32f10x_it.o ABSOLUTE
    User\sys.c                               0x00000000   Number         0  sys.o ABSOLUTE
    dc.s                                     0x00000000   Number         0  dc.o ABSOLUTE
    RESET                                    0x08000000   Section      236  startup_stm32f10x_md.o(RESET)
    !!!main                                  0x080000ec   Section        8  __main.o(!!!main)
    !!!scatter                               0x080000f4   Section       52  __scatter.o(!!!scatter)
    !!dczerorl2                              0x08000128   Section       90  __dczerorl2.o(!!dczerorl2)
    !!handler_zi                             0x08000184   Section       28  __scatter_zi.o(!!handler_zi)
    .ARM.Collect$$_printf_percent$$00000000  0x080001a0   Section        0  _printf_percent.o(.ARM.Collect$$_printf_percent$$00000000)
    .ARM.Collect$$_printf_percent$$00000009  0x080001a0   Section        6  _printf_d.o(.ARM.Collect$$_printf_percent$$00000009)
    .ARM.Collect$$_printf_percent$$0000000A  0x080001a6   Section        6  _printf_u.o(.ARM.Collect$$_printf_percent$$0000000A)
    .ARM.Collect$$_printf_percent$$0000000C  0x080001ac   Section        6  _printf_x.o(.ARM.Collect$$_printf_percent$$0000000C)
    .ARM.Collect$$_printf_percent$$00000013  0x080001b2   Section        6  _printf_c.o(.ARM.Collect$$_printf_percent$$00000013)
    .ARM.Collect$$_printf_percent$$00000014  0x080001b8   Section        6  _printf_s.o(.ARM.Collect$$_printf_percent$$00000014)
    .ARM.Collect$$_printf_percent$$00000017  0x080001be   Section        4  _printf_percent_end.o(.ARM.Collect$$_printf_percent$$00000017)
    .ARM.Collect$$libinit$$00000000          0x080001c2   Section        2  libinit.o(.ARM.Collect$$libinit$$00000000)
    .ARM.Collect$$libinit$$00000002          0x080001c4   Section        0  libinit2.o(.ARM.Collect$$libinit$$00000002)
    .ARM.Collect$$libinit$$00000004          0x080001c4   Section        0  libinit2.o(.ARM.Collect$$libinit$$00000004)
    .ARM.Collect$$libinit$$0000000A          0x080001c4   Section        0  libinit2.o(.ARM.Collect$$libinit$$0000000A)
    .ARM.Collect$$libinit$$0000000C          0x080001c4   Section        0  libinit2.o(.ARM.Collect$$libinit$$0000000C)
    .ARM.Collect$$libinit$$0000000E          0x080001c4   Section        0  libinit2.o(.ARM.Collect$$libinit$$0000000E)
    .ARM.Collect$$libinit$$00000011          0x080001c4   Section        0  libinit2.o(.ARM.Collect$$libinit$$00000011)
    .ARM.Collect$$libinit$$00000013          0x080001c4   Section        0  libinit2.o(.ARM.Collect$$libinit$$00000013)
    .ARM.Collect$$libinit$$00000015          0x080001c4   Section        0  libinit2.o(.ARM.Collect$$libinit$$00000015)
    .ARM.Collect$$libinit$$00000017          0x080001c4   Section        0  libinit2.o(.ARM.Collect$$libinit$$00000017)
    .ARM.Collect$$libinit$$00000019          0x080001c4   Section        0  libinit2.o(.ARM.Collect$$libinit$$00000019)
    .ARM.Collect$$libinit$$0000001B          0x080001c4   Section        0  libinit2.o(.ARM.Collect$$libinit$$0000001B)
    .ARM.Collect$$libinit$$0000001D          0x080001c4   Section        0  libinit2.o(.ARM.Collect$$libinit$$0000001D)
    .ARM.Collect$$libinit$$0000001F          0x080001c4   Section        0  libinit2.o(.ARM.Collect$$libinit$$0000001F)
    .ARM.Collect$$libinit$$00000021          0x080001c4   Section        0  libinit2.o(.ARM.Collect$$libinit$$00000021)
    .ARM.Collect$$libinit$$00000023          0x080001c4   Section        0  libinit2.o(.ARM.Collect$$libinit$$00000023)
    .ARM.Collect$$libinit$$00000025          0x080001c4   Section        0  libinit2.o(.ARM.Collect$$libinit$$00000025)
    .ARM.Collect$$libinit$$0000002C          0x080001c4   Section        0  libinit2.o(.ARM.Collect$$libinit$$0000002C)
    .ARM.Collect$$libinit$$0000002E          0x080001c4   Section        0  libinit2.o(.ARM.Collect$$libinit$$0000002E)
    .ARM.Collect$$libinit$$00000030          0x080001c4   Section        0  libinit2.o(.ARM.Collect$$libinit$$00000030)
    .ARM.Collect$$libinit$$00000032          0x080001c4   Section        0  libinit2.o(.ARM.Collect$$libinit$$00000032)
    .ARM.Collect$$libinit$$00000033          0x080001c4   Section        2  libinit2.o(.ARM.Collect$$libinit$$00000033)
    .ARM.Collect$$libshutdown$$00000000      0x080001c6   Section        2  libshutdown.o(.ARM.Collect$$libshutdown$$00000000)
    .ARM.Collect$$libshutdown$$00000002      0x080001c8   Section        0  libshutdown2.o(.ARM.Collect$$libshutdown$$00000002)
    .ARM.Collect$$libshutdown$$00000004      0x080001c8   Section        0  libshutdown2.o(.ARM.Collect$$libshutdown$$00000004)
    .ARM.Collect$$libshutdown$$00000007      0x080001c8   Section        0  libshutdown2.o(.ARM.Collect$$libshutdown$$00000007)
    .ARM.Collect$$libshutdown$$0000000A      0x080001c8   Section        0  libshutdown2.o(.ARM.Collect$$libshutdown$$0000000A)
    .ARM.Collect$$libshutdown$$0000000C      0x080001c8   Section        0  libshutdown2.o(.ARM.Collect$$libshutdown$$0000000C)
    .ARM.Collect$$libshutdown$$0000000F      0x080001c8   Section        0  libshutdown2.o(.ARM.Collect$$libshutdown$$0000000F)
    .ARM.Collect$$libshutdown$$00000010      0x080001c8   Section        2  libshutdown2.o(.ARM.Collect$$libshutdown$$00000010)
    .ARM.Collect$$rtentry$$00000000          0x080001ca   Section        0  __rtentry.o(.ARM.Collect$$rtentry$$00000000)
    .ARM.Collect$$rtentry$$00000002          0x080001ca   Section        0  __rtentry2.o(.ARM.Collect$$rtentry$$00000002)
    .ARM.Collect$$rtentry$$00000004          0x080001ca   Section        6  __rtentry4.o(.ARM.Collect$$rtentry$$00000004)
    .ARM.Collect$$rtentry$$00000009          0x080001d0   Section        0  __rtentry2.o(.ARM.Collect$$rtentry$$00000009)
    .ARM.Collect$$rtentry$$0000000A          0x080001d0   Section        4  __rtentry2.o(.ARM.Collect$$rtentry$$0000000A)
    .ARM.Collect$$rtentry$$0000000C          0x080001d4   Section        0  __rtentry2.o(.ARM.Collect$$rtentry$$0000000C)
    .ARM.Collect$$rtentry$$0000000D          0x080001d4   Section        8  __rtentry2.o(.ARM.Collect$$rtentry$$0000000D)
    .ARM.Collect$$rtexit$$00000000           0x080001dc   Section        2  rtexit.o(.ARM.Collect$$rtexit$$00000000)
    .ARM.Collect$$rtexit$$00000002           0x080001de   Section        0  rtexit2.o(.ARM.Collect$$rtexit$$00000002)
    .ARM.Collect$$rtexit$$00000003           0x080001de   Section        4  rtexit2.o(.ARM.Collect$$rtexit$$00000003)
    .ARM.Collect$$rtexit$$00000004           0x080001e2   Section        6  rtexit2.o(.ARM.Collect$$rtexit$$00000004)
    .text                                    0x080001e8   Section       64  startup_stm32f10x_md.o(.text)
    .text                                    0x08000228   Section        2  use_no_semi_2.o(.text)
    .text                                    0x0800022c   Section        0  __2printf.o(.text)
    .text                                    0x08000244   Section        0  _printf_pad.o(.text)
    .text                                    0x08000292   Section        0  _printf_str.o(.text)
    .text                                    0x080002e4   Section        0  _printf_dec.o(.text)
    .text                                    0x0800035c   Section        0  _printf_hex_int_ll_ptr.o(.text)
    _printf_hex_common                       0x0800035d   Thumb Code     0  _printf_hex_int_ll_ptr.o(.text)
    .text                                    0x080003f0   Section        0  __printf_flags_ss_wp.o(.text)
    .text                                    0x08000578   Section        0  strstr.o(.text)
    .text                                    0x0800059c   Section        0  heapauxi.o(.text)
    .text                                    0x080005a2   Section        2  use_no_semi.o(.text)
    .text                                    0x080005a4   Section        0  _printf_intcommon.o(.text)
    .text                                    0x08000658   Section        0  _printf_char_common.o(.text)
    _printf_input_char                       0x08000659   Thumb Code    10  _printf_char_common.o(.text)
    .text                                    0x08000688   Section        0  _printf_char.o(.text)
    .text                                    0x080006b4   Section        0  _printf_char_file.o(.text)
    .text                                    0x080006d8   Section        0  ferror.o(.text)
    .text                                    0x080006e0   Section       74  sys_stackheap_outer.o(.text)
    .text                                    0x0800072a   Section        0  exit.o(.text)
    .text                                    0x0800073c   Section        8  libspace.o(.text)
    i.BusFault_Handler                       0x08000744   Section        0  stm32f10x_it.o(i.BusFault_Handler)
    i.DebugMon_Handler                       0x08000748   Section        0  stm32f10x_it.o(i.DebugMon_Handler)
    i.DelayInit                              0x0800074c   Section        0  delay.o(i.DelayInit)
    i.DelayMs                                0x08000790   Section        0  delay.o(i.DelayMs)
    i.EXTI0_IRQHandler                       0x080007dc   Section        0  exti.o(i.EXTI0_IRQHandler)
    i.EXTI_ClearITPendingBit                 0x08000800   Section        0  stm32f10x_exti.o(i.EXTI_ClearITPendingBit)
    i.EXTI_Init                              0x0800080c   Section        0  stm32f10x_exti.o(i.EXTI_Init)
    i.EnsureMessage                          0x080008a0   Section        0  as608.o(i.EnsureMessage)
    i.FP_WAK_Init                            0x08000b10   Section        0  exti.o(i.FP_WAK_Init)
    i.GPIO_DeInit                            0x08000b60   Section        0  stm32f10x_gpio.o(i.GPIO_DeInit)
    i.GPIO_EXTILineConfig                    0x08000c28   Section        0  stm32f10x_gpio.o(i.GPIO_EXTILineConfig)
    i.GPIO_Init                              0x08000c68   Section        0  stm32f10x_gpio.o(i.GPIO_Init)
    i.GPIO_ReadInputDataBit                  0x08000d7e   Section        0  stm32f10x_gpio.o(i.GPIO_ReadInputDataBit)
    i.GPIO_ResetBits                         0x08000d90   Section        0  stm32f10x_gpio.o(i.GPIO_ResetBits)
    i.GPIO_SetBits                           0x08000d94   Section        0  stm32f10x_gpio.o(i.GPIO_SetBits)
    i.HardFault_Handler                      0x08000d98   Section        0  stm32f10x_it.o(i.HardFault_Handler)
    i.JudgeStr                               0x08000d9c   Section        0  as608.o(i.JudgeStr)
    JudgeStr                                 0x08000d9d   Thumb Code   122  as608.o(i.JudgeStr)
    i.MYUSART_SendData                       0x08000e24   Section        0  as608.o(i.MYUSART_SendData)
    MYUSART_SendData                         0x08000e25   Thumb Code    22  as608.o(i.MYUSART_SendData)
    i.MemManage_Handler                      0x08000e40   Section        0  stm32f10x_it.o(i.MemManage_Handler)
    i.NMI_Handler                            0x08000e44   Section        0  stm32f10x_it.o(i.NMI_Handler)
    i.NVIC_Init                              0x08000e48   Section        0  misc.o(i.NVIC_Init)
    i.NVIC_PriorityGroupConfig               0x08000eb8   Section        0  misc.o(i.NVIC_PriorityGroupConfig)
    i.PS_GenChar                             0x08000ecc   Section        0  as608.o(i.PS_GenChar)
    i.PS_GetImage                            0x08000f12   Section        0  as608.o(i.PS_GetImage)
    i.PS_HighSpeedSearch                     0x08000f4c   Section        0  as608.o(i.PS_HighSpeedSearch)
    i.PS_ReadSysPara                         0x08000fdc   Section        0  as608.o(i.PS_ReadSysPara)
    i.PS_StaGPIO_Init                        0x080010cc   Section        0  as608.o(i.PS_StaGPIO_Init)
    i.PendSV_Handler                         0x080010f8   Section        0  stm32f10x_it.o(i.PendSV_Handler)
    i.RCC_APB1PeriphClockCmd                 0x080010fc   Section        0  stm32f10x_rcc.o(i.RCC_APB1PeriphClockCmd)
    i.RCC_APB1PeriphResetCmd                 0x0800111c   Section        0  stm32f10x_rcc.o(i.RCC_APB1PeriphResetCmd)
    i.RCC_APB2PeriphClockCmd                 0x0800113c   Section        0  stm32f10x_rcc.o(i.RCC_APB2PeriphClockCmd)
    i.RCC_APB2PeriphResetCmd                 0x0800115c   Section        0  stm32f10x_rcc.o(i.RCC_APB2PeriphResetCmd)
    i.RCC_GetClocksFreq                      0x0800117c   Section        0  stm32f10x_rcc.o(i.RCC_GetClocksFreq)
    i.SVC_Handler                            0x08001250   Section        0  stm32f10x_it.o(i.SVC_Handler)
    i.SendAddr                               0x08001254   Section        0  as608.o(i.SendAddr)
    SendAddr                                 0x08001255   Thumb Code    46  as608.o(i.SendAddr)
    i.SendCheck                              0x08001288   Section        0  as608.o(i.SendCheck)
    SendCheck                                0x08001289   Thumb Code    18  as608.o(i.SendCheck)
    i.SendFlag                               0x0800129a   Section        0  as608.o(i.SendFlag)
    SendFlag                                 0x0800129b   Thumb Code    12  as608.o(i.SendFlag)
    i.SendHead                               0x080012a6   Section        0  as608.o(i.SendHead)
    SendHead                                 0x080012a7   Thumb Code    16  as608.o(i.SendHead)
    i.SendLength                             0x080012b6   Section        0  as608.o(i.SendLength)
    SendLength                               0x080012b7   Thumb Code    20  as608.o(i.SendLength)
    i.Sendcmd                                0x080012ca   Section        0  as608.o(i.Sendcmd)
    Sendcmd                                  0x080012cb   Thumb Code    12  as608.o(i.Sendcmd)
    i.SetSysClock                            0x080012d6   Section        0  system_stm32f10x.o(i.SetSysClock)
    SetSysClock                              0x080012d7   Thumb Code     8  system_stm32f10x.o(i.SetSysClock)
    i.SetSysClockTo72                        0x080012e0   Section        0  system_stm32f10x.o(i.SetSysClockTo72)
    SetSysClockTo72                          0x080012e1   Thumb Code   214  system_stm32f10x.o(i.SetSysClockTo72)
    i.ShowErrMessage                         0x080013c0   Section        0  as608.o(i.ShowErrMessage)
    i.SysTick_CLKSourceConfig                0x080013e0   Section        0  misc.o(i.SysTick_CLKSourceConfig)
    i.SysTick_Handler                        0x08001408   Section        0  stm32f10x_it.o(i.SysTick_Handler)
    i.SystemInit                             0x0800140c   Section        0  system_stm32f10x.o(i.SystemInit)
    i.TIM2_IRQHandler                        0x0800146c   Section        0  mytim.o(i.TIM2_IRQHandler)
    i.TIM2_Int_Init                          0x080014e4   Section        0  mytim.o(i.TIM2_Int_Init)
    i.TIM3_PWM_Init                          0x08001540   Section        0  mytim.o(i.TIM3_PWM_Init)
    i.TIM4_IRQHandler                        0x080015c4   Section        0  mytim.o(i.TIM4_IRQHandler)
    i.TIM4_Int_Init                          0x080015f8   Section        0  mytim.o(i.TIM4_Int_Init)
    i.TIM_ClearITPendingBit                  0x08001658   Section        0  stm32f10x_tim.o(i.TIM_ClearITPendingBit)
    i.TIM_Cmd                                0x0800165e   Section        0  stm32f10x_tim.o(i.TIM_Cmd)
    i.TIM_GetCounter                         0x08001676   Section        0  stm32f10x_tim.o(i.TIM_GetCounter)
    i.TIM_GetFlagStatus                      0x0800167c   Section        0  stm32f10x_tim.o(i.TIM_GetFlagStatus)
    i.TIM_GetITStatus                        0x0800168e   Section        0  stm32f10x_tim.o(i.TIM_GetITStatus)
    i.TIM_ITConfig                           0x080016b0   Section        0  stm32f10x_tim.o(i.TIM_ITConfig)
    i.TIM_OC3Init                            0x080016c4   Section        0  stm32f10x_tim.o(i.TIM_OC3Init)
    i.TIM_OC3PreloadConfig                   0x08001764   Section        0  stm32f10x_tim.o(i.TIM_OC3PreloadConfig)
    i.TIM_SetCompare3                        0x08001776   Section        0  stm32f10x_tim.o(i.TIM_SetCompare3)
    i.TIM_SetCounter                         0x0800177a   Section        0  stm32f10x_tim.o(i.TIM_SetCounter)
    i.TIM_TimeBaseInit                       0x08001780   Section        0  stm32f10x_tim.o(i.TIM_TimeBaseInit)
    i.USART1_IRQHandler                      0x08001824   Section        0  usart.o(i.USART1_IRQHandler)
    i.USART2_IRQHandler                      0x080018ac   Section        0  usart.o(i.USART2_IRQHandler)
    i.USART3_IRQHandler                      0x0800191c   Section        0  usart.o(i.USART3_IRQHandler)
    i.USART_Cmd                              0x08001930   Section        0  stm32f10x_usart.o(i.USART_Cmd)
    i.USART_DeInit                           0x08001948   Section        0  stm32f10x_usart.o(i.USART_DeInit)
    i.USART_GetFlagStatus                    0x080019e4   Section        0  stm32f10x_usart.o(i.USART_GetFlagStatus)
    i.USART_GetITStatus                      0x080019fe   Section        0  stm32f10x_usart.o(i.USART_GetITStatus)
    i.USART_ITConfig                         0x08001a52   Section        0  stm32f10x_usart.o(i.USART_ITConfig)
    i.USART_Init                             0x08001a9c   Section        0  stm32f10x_usart.o(i.USART_Init)
    i.USART_ReceiveData                      0x08001b74   Section        0  stm32f10x_usart.o(i.USART_ReceiveData)
    i.USART_SendData                         0x08001b7e   Section        0  stm32f10x_usart.o(i.USART_SendData)
    i.UsageFault_Handler                     0x08001b86   Section        0  stm32f10x_it.o(i.UsageFault_Handler)
    i.WIFI_send_id                           0x08001b8c   Section        0  main.o(i.WIFI_send_id)
    i._is_digit                              0x08001bc8   Section        0  __printf_wp.o(i._is_digit)
    i._sys_exit                              0x08001bd6   Section        0  usart.o(i._sys_exit)
    i.fputc                                  0x08001bdc   Section        0  usart.o(i.fputc)
    i.main                                   0x08001bf8   Section        0  main.o(i.main)
    i.press_FR                               0x08001ccc   Section        0  as608.o(i.press_FR)
    i.read_addr                              0x08001d7c   Section        0  usmart.o(i.read_addr)
    i.servo_control                          0x08001d82   Section        0  servo.o(i.servo_control)
    i.servo_init                             0x08001d98   Section        0  servo.o(i.servo_init)
    i.servo_set_compare                      0x08001db8   Section        0  servo.o(i.servo_set_compare)
    i.uart_init                              0x08001dcc   Section        0  usart.o(i.uart_init)
    i.usart2_init                            0x08001e70   Section        0  usart.o(i.usart2_init)
    i.usart3_init                            0x08001f40   Section        0  usart.o(i.usart3_init)
    i.user_led_init                          0x08001fdc   Section        0  main.o(i.user_led_init)
    i.usmart_cmd_rec                         0x08002004   Section        0  usmart.o(i.usmart_cmd_rec)
    i.usmart_exe                             0x080020b4   Section        0  usmart.o(i.usmart_exe)
    i.usmart_get_aparm                       0x08002388   Section        0  usmart_str.o(i.usmart_get_aparm)
    i.usmart_get_cmdname                     0x08002450   Section        0  usmart_str.o(i.usmart_get_cmdname)
    i.usmart_get_fname                       0x08002488   Section        0  usmart_str.o(i.usmart_get_fname)
    i.usmart_get_fparam                      0x08002648   Section        0  usmart_str.o(i.usmart_get_fparam)
    i.usmart_get_parmpos                     0x08002754   Section        0  usmart_str.o(i.usmart_get_parmpos)
    i.usmart_get_runtime                     0x08002774   Section        0  usmart.o(i.usmart_get_runtime)
    i.usmart_init                            0x080027b8   Section        0  usmart.o(i.usmart_init)
    i.usmart_pow                             0x080027c4   Section        0  usmart_str.o(i.usmart_pow)
    i.usmart_reset_runtime                   0x080027dc   Section        0  usmart.o(i.usmart_reset_runtime)
    i.usmart_scan                            0x080027ec   Section        0  usmart.o(i.usmart_scan)
    i.usmart_search_nextc                    0x080028a8   Section        0  usmart_str.o(i.usmart_search_nextc)
    i.usmart_str2num                         0x080028be   Section        0  usmart_str.o(i.usmart_str2num)
    i.usmart_strcmp                          0x08002988   Section        0  usmart_str.o(i.usmart_strcmp)
    i.usmart_strcopy                         0x080029aa   Section        0  usmart_str.o(i.usmart_strcopy)
    i.usmart_strlen                          0x080029c0   Section        0  usmart_str.o(i.usmart_strlen)
    i.usmart_sys_cmd_exe                     0x080029d8   Section        0  usmart.o(i.usmart_sys_cmd_exe)
    i.write_addr                             0x080030bc   Section        0  usmart.o(i.write_addr)
    .constdata                               0x080030c0   Section        4  main.o(.constdata)
    .constdata                               0x080030c4   Section       40  _printf_hex_int_ll_ptr.o(.constdata)
    uc_hextab                                0x080030c4   Data          20  _printf_hex_int_ll_ptr.o(.constdata)
    lc_hextab                                0x080030d8   Data          20  _printf_hex_int_ll_ptr.o(.constdata)
    .constdata                               0x080030ec   Section       17  __printf_flags_ss_wp.o(.constdata)
    maptable                                 0x080030ec   Data          17  __printf_flags_ss_wp.o(.constdata)
    .conststring                             0x08003100   Section       40  usmart.o(.conststring)
    .conststring                             0x08003128   Section      128  usmart_config.o(.conststring)
    .data                                    0x20000000   Section        3  main.o(.data)
    .data                                    0x20000003   Section       20  stm32f10x_rcc.o(.data)
    APBAHBPrescTable                         0x20000003   Data          16  stm32f10x_rcc.o(.data)
    ADCPrescTable                            0x20000013   Data           4  stm32f10x_rcc.o(.data)
    .data                                    0x20000018   Section       20  system_stm32f10x.o(.data)
    .data                                    0x2000002c   Section        6  as608.o(.data)
    .data                                    0x20000032   Section        4  delay.o(.data)
    fac_us                                   0x20000032   Data           1  delay.o(.data)
    fac_ms                                   0x20000034   Data           2  delay.o(.data)
    .data                                    0x20000036   Section        2  mytim.o(.data)
    .data                                    0x20000038   Section        8  usart.o(.data)
    .data                                    0x20000040   Section        1  exti.o(.data)
    .data                                    0x20000044   Section       28  usmart.o(.data)
    .data                                    0x20000060   Section      276  usmart_config.o(.data)
    .bss                                     0x20000174   Section       12  as608.o(.bss)
    .bss                                     0x20000180   Section     1000  usart.o(.bss)
    .bss                                     0x20000568   Section       96  libspace.o(.bss)
    HEAP                                     0x200005c8   Section      512  startup_stm32f10x_md.o(HEAP)
    Heap_Mem                                 0x200005c8   Data         512  startup_stm32f10x_md.o(HEAP)
    STACK                                    0x200007c8   Section     1024  startup_stm32f10x_md.o(STACK)
    Stack_Mem                                0x200007c8   Data        1024  startup_stm32f10x_md.o(STACK)
    __initial_sp                             0x20000bc8   Data           0  startup_stm32f10x_md.o(STACK)

    Global Symbols

    Symbol Name                              Value     Ov Type        Size  Object(Section)

    BuildAttributes$$THM_ISAv4$P$D$K$B$S$PE$A:L22UL41UL21$X:L11$S22US41US21$IEEE1$IW$USESV6$~STKCKD$USESV7$~SHL$OTIME$ROPI$IEEEJ$EBA8$UX$STANDARDLIB$REQ8$PRES8$EABIv2 0x00000000   Number         0  anon$$obj.o ABSOLUTE
    __ARM_use_no_argv                        0x00000000   Number         0  main.o ABSOLUTE
    _printf_flags                            0x00000000   Number         0  printf_stubs.o ABSOLUTE
    _printf_return_value                     0x00000000   Number         0  printf_stubs.o ABSOLUTE
    _printf_sizespec                         0x00000000   Number         0  printf_stubs.o ABSOLUTE
    _printf_widthprec                        0x00000000   Number         0  printf_stubs.o ABSOLUTE
    __ARM_exceptions_init                     - Undefined Weak Reference
    __alloca_initialize                       - Undefined Weak Reference
    __arm_preinit_                            - Undefined Weak Reference
    __cpp_initialize__aeabi_                  - Undefined Weak Reference
    __cxa_finalize                            - Undefined Weak Reference
    __sigvec_lookup                           - Undefined Weak Reference
    _atexit_init                              - Undefined Weak Reference
    _call_atexit_fns                          - Undefined Weak Reference
    _clock_init                               - Undefined Weak Reference
    _fp_trap_init                             - Undefined Weak Reference
    _fp_trap_shutdown                         - Undefined Weak Reference
    _get_lc_collate                           - Undefined Weak Reference
    _get_lc_monetary                          - Undefined Weak Reference
    _get_lc_time                              - Undefined Weak Reference
    _getenv_init                              - Undefined Weak Reference
    _handle_redirection                       - Undefined Weak Reference
    _init_alloc                               - Undefined Weak Reference
    _init_user_alloc                          - Undefined Weak Reference
    _initio                                   - Undefined Weak Reference
    _mutex_acquire                            - Undefined Weak Reference
    _mutex_release                            - Undefined Weak Reference
    _printf_mbtowc                            - Undefined Weak Reference
    _printf_wc                                - Undefined Weak Reference
    _rand_init                                - Undefined Weak Reference
    _signal_finish                            - Undefined Weak Reference
    _signal_init                              - Undefined Weak Reference
    _terminate_alloc                          - Undefined Weak Reference
    _terminate_user_alloc                     - Undefined Weak Reference
    _terminateio                              - Undefined Weak Reference
    __Vectors_Size                           0x000000ec   Number         0  startup_stm32f10x_md.o ABSOLUTE
    __Vectors                                0x08000000   Data           4  startup_stm32f10x_md.o(RESET)
    __Vectors_End                            0x080000ec   Data           0  startup_stm32f10x_md.o(RESET)
    __main                                   0x080000ed   Thumb Code     8  __main.o(!!!main)
    __scatterload                            0x080000f5   Thumb Code     0  __scatter.o(!!!scatter)
    __scatterload_rt2                        0x080000f5   Thumb Code    44  __scatter.o(!!!scatter)
    __scatterload_rt2_thumb_only             0x080000f5   Thumb Code     0  __scatter.o(!!!scatter)
    __scatterload_null                       0x08000103   Thumb Code     0  __scatter.o(!!!scatter)
    __decompress                             0x08000129   Thumb Code    90  __dczerorl2.o(!!dczerorl2)
    __decompress1                            0x08000129   Thumb Code     0  __dczerorl2.o(!!dczerorl2)
    __scatterload_zeroinit                   0x08000185   Thumb Code    28  __scatter_zi.o(!!handler_zi)
    _printf_d                                0x080001a1   Thumb Code     0  _printf_d.o(.ARM.Collect$$_printf_percent$$00000009)
    _printf_percent                          0x080001a1   Thumb Code     0  _printf_percent.o(.ARM.Collect$$_printf_percent$$00000000)
    _printf_u                                0x080001a7   Thumb Code     0  _printf_u.o(.ARM.Collect$$_printf_percent$$0000000A)
    _printf_x                                0x080001ad   Thumb Code     0  _printf_x.o(.ARM.Collect$$_printf_percent$$0000000C)
    _printf_c                                0x080001b3   Thumb Code     0  _printf_c.o(.ARM.Collect$$_printf_percent$$00000013)
    _printf_s                                0x080001b9   Thumb Code     0  _printf_s.o(.ARM.Collect$$_printf_percent$$00000014)
    _printf_percent_end                      0x080001bf   Thumb Code     0  _printf_percent_end.o(.ARM.Collect$$_printf_percent$$00000017)
    __rt_lib_init                            0x080001c3   Thumb Code     0  libinit.o(.ARM.Collect$$libinit$$00000000)
    __rt_lib_init_alloca_1                   0x080001c5   Thumb Code     0  libinit2.o(.ARM.Collect$$libinit$$0000002E)
    __rt_lib_init_argv_1                     0x080001c5   Thumb Code     0  libinit2.o(.ARM.Collect$$libinit$$0000002C)
    __rt_lib_init_atexit_1                   0x080001c5   Thumb Code     0  libinit2.o(.ARM.Collect$$libinit$$0000001B)
    __rt_lib_init_clock_1                    0x080001c5   Thumb Code     0  libinit2.o(.ARM.Collect$$libinit$$00000021)
    __rt_lib_init_cpp_1                      0x080001c5   Thumb Code     0  libinit2.o(.ARM.Collect$$libinit$$00000032)
    __rt_lib_init_exceptions_1               0x080001c5   Thumb Code     0  libinit2.o(.ARM.Collect$$libinit$$00000030)
    __rt_lib_init_fp_1                       0x080001c5   Thumb Code     0  libinit2.o(.ARM.Collect$$libinit$$00000002)
    __rt_lib_init_fp_trap_1                  0x080001c5   Thumb Code     0  libinit2.o(.ARM.Collect$$libinit$$0000001F)
    __rt_lib_init_getenv_1                   0x080001c5   Thumb Code     0  libinit2.o(.ARM.Collect$$libinit$$00000023)
    __rt_lib_init_heap_1                     0x080001c5   Thumb Code     0  libinit2.o(.ARM.Collect$$libinit$$0000000A)
    __rt_lib_init_lc_collate_1               0x080001c5   Thumb Code     0  libinit2.o(.ARM.Collect$$libinit$$00000011)
    __rt_lib_init_lc_ctype_1                 0x080001c5   Thumb Code     0  libinit2.o(.ARM.Collect$$libinit$$00000013)
    __rt_lib_init_lc_monetary_1              0x080001c5   Thumb Code     0  libinit2.o(.ARM.Collect$$libinit$$00000015)
    __rt_lib_init_lc_numeric_1               0x080001c5   Thumb Code     0  libinit2.o(.ARM.Collect$$libinit$$00000017)
    __rt_lib_init_lc_time_1                  0x080001c5   Thumb Code     0  libinit2.o(.ARM.Collect$$libinit$$00000019)
    __rt_lib_init_preinit_1                  0x080001c5   Thumb Code     0  libinit2.o(.ARM.Collect$$libinit$$00000004)
    __rt_lib_init_rand_1                     0x080001c5   Thumb Code     0  libinit2.o(.ARM.Collect$$libinit$$0000000E)
    __rt_lib_init_return                     0x080001c5   Thumb Code     0  libinit2.o(.ARM.Collect$$libinit$$00000033)
    __rt_lib_init_signal_1                   0x080001c5   Thumb Code     0  libinit2.o(.ARM.Collect$$libinit$$0000001D)
    __rt_lib_init_stdio_1                    0x080001c5   Thumb Code     0  libinit2.o(.ARM.Collect$$libinit$$00000025)
    __rt_lib_init_user_alloc_1               0x080001c5   Thumb Code     0  libinit2.o(.ARM.Collect$$libinit$$0000000C)
    __rt_lib_shutdown                        0x080001c7   Thumb Code     0  libshutdown.o(.ARM.Collect$$libshutdown$$00000000)
    __rt_lib_shutdown_cpp_1                  0x080001c9   Thumb Code     0  libshutdown2.o(.ARM.Collect$$libshutdown$$00000002)
    __rt_lib_shutdown_fp_trap_1              0x080001c9   Thumb Code     0  libshutdown2.o(.ARM.Collect$$libshutdown$$00000007)
    __rt_lib_shutdown_heap_1                 0x080001c9   Thumb Code     0  libshutdown2.o(.ARM.Collect$$libshutdown$$0000000F)
    __rt_lib_shutdown_return                 0x080001c9   Thumb Code     0  libshutdown2.o(.ARM.Collect$$libshutdown$$00000010)
    __rt_lib_shutdown_signal_1               0x080001c9   Thumb Code     0  libshutdown2.o(.ARM.Collect$$libshutdown$$0000000A)
    __rt_lib_shutdown_stdio_1                0x080001c9   Thumb Code     0  libshutdown2.o(.ARM.Collect$$libshutdown$$00000004)
    __rt_lib_shutdown_user_alloc_1           0x080001c9   Thumb Code     0  libshutdown2.o(.ARM.Collect$$libshutdown$$0000000C)
    __rt_entry                               0x080001cb   Thumb Code     0  __rtentry.o(.ARM.Collect$$rtentry$$00000000)
    __rt_entry_presh_1                       0x080001cb   Thumb Code     0  __rtentry2.o(.ARM.Collect$$rtentry$$00000002)
    __rt_entry_sh                            0x080001cb   Thumb Code     0  __rtentry4.o(.ARM.Collect$$rtentry$$00000004)
    __rt_entry_li                            0x080001d1   Thumb Code     0  __rtentry2.o(.ARM.Collect$$rtentry$$0000000A)
    __rt_entry_postsh_1                      0x080001d1   Thumb Code     0  __rtentry2.o(.ARM.Collect$$rtentry$$00000009)
    __rt_entry_main                          0x080001d5   Thumb Code     0  __rtentry2.o(.ARM.Collect$$rtentry$$0000000D)
    __rt_entry_postli_1                      0x080001d5   Thumb Code     0  __rtentry2.o(.ARM.Collect$$rtentry$$0000000C)
    __rt_exit                                0x080001dd   Thumb Code     0  rtexit.o(.ARM.Collect$$rtexit$$00000000)
    __rt_exit_ls                             0x080001df   Thumb Code     0  rtexit2.o(.ARM.Collect$$rtexit$$00000003)
    __rt_exit_prels_1                        0x080001df   Thumb Code     0  rtexit2.o(.ARM.Collect$$rtexit$$00000002)
    __rt_exit_exit                           0x080001e3   Thumb Code     0  rtexit2.o(.ARM.Collect$$rtexit$$00000004)
    Reset_Handler                            0x080001e9   Thumb Code     8  startup_stm32f10x_md.o(.text)
    ADC1_2_IRQHandler                        0x08000203   Thumb Code     0  startup_stm32f10x_md.o(.text)
    CAN1_RX1_IRQHandler                      0x08000203   Thumb Code     0  startup_stm32f10x_md.o(.text)
    CAN1_SCE_IRQHandler                      0x08000203   Thumb Code     0  startup_stm32f10x_md.o(.text)
    DMA1_Channel1_IRQHandler                 0x08000203   Thumb Code     0  startup_stm32f10x_md.o(.text)
    DMA1_Channel2_IRQHandler                 0x08000203   Thumb Code     0  startup_stm32f10x_md.o(.text)
    DMA1_Channel3_IRQHandler                 0x08000203   Thumb Code     0  startup_stm32f10x_md.o(.text)
    DMA1_Channel4_IRQHandler                 0x08000203   Thumb Code     0  startup_stm32f10x_md.o(.text)
    DMA1_Channel5_IRQHandler                 0x08000203   Thumb Code     0  startup_stm32f10x_md.o(.text)
    DMA1_Channel6_IRQHandler                 0x08000203   Thumb Code     0  startup_stm32f10x_md.o(.text)
    DMA1_Channel7_IRQHandler                 0x08000203   Thumb Code     0  startup_stm32f10x_md.o(.text)
    EXTI15_10_IRQHandler                     0x08000203   Thumb Code     0  startup_stm32f10x_md.o(.text)
    EXTI1_IRQHandler                         0x08000203   Thumb Code     0  startup_stm32f10x_md.o(.text)
    EXTI2_IRQHandler                         0x08000203   Thumb Code     0  startup_stm32f10x_md.o(.text)
    EXTI3_IRQHandler                         0x08000203   Thumb Code     0  startup_stm32f10x_md.o(.text)
    EXTI4_IRQHandler                         0x08000203   Thumb Code     0  startup_stm32f10x_md.o(.text)
    EXTI9_5_IRQHandler                       0x08000203   Thumb Code     0  startup_stm32f10x_md.o(.text)
    FLASH_IRQHandler                         0x08000203   Thumb Code     0  startup_stm32f10x_md.o(.text)
    I2C1_ER_IRQHandler                       0x08000203   Thumb Code     0  startup_stm32f10x_md.o(.text)
    I2C1_EV_IRQHandler                       0x08000203   Thumb Code     0  startup_stm32f10x_md.o(.text)
    I2C2_ER_IRQHandler                       0x08000203   Thumb Code     0  startup_stm32f10x_md.o(.text)
    I2C2_EV_IRQHandler                       0x08000203   Thumb Code     0  startup_stm32f10x_md.o(.text)
    PVD_IRQHandler                           0x08000203   Thumb Code     0  startup_stm32f10x_md.o(.text)
    RCC_IRQHandler                           0x08000203   Thumb Code     0  startup_stm32f10x_md.o(.text)
    RTCAlarm_IRQHandler                      0x08000203   Thumb Code     0  startup_stm32f10x_md.o(.text)
    RTC_IRQHandler                           0x08000203   Thumb Code     0  startup_stm32f10x_md.o(.text)
    SPI1_IRQHandler                          0x08000203   Thumb Code     0  startup_stm32f10x_md.o(.text)
    SPI2_IRQHandler                          0x08000203   Thumb Code     0  startup_stm32f10x_md.o(.text)
    TAMPER_IRQHandler                        0x08000203   Thumb Code     0  startup_stm32f10x_md.o(.text)
    TIM1_BRK_IRQHandler                      0x08000203   Thumb Code     0  startup_stm32f10x_md.o(.text)
    TIM1_CC_IRQHandler                       0x08000203   Thumb Code     0  startup_stm32f10x_md.o(.text)
    TIM1_TRG_COM_IRQHandler                  0x08000203   Thumb Code     0  startup_stm32f10x_md.o(.text)
    TIM1_UP_IRQHandler                       0x08000203   Thumb Code     0  startup_stm32f10x_md.o(.text)
    TIM3_IRQHandler                          0x08000203   Thumb Code     0  startup_stm32f10x_md.o(.text)
    USBWakeUp_IRQHandler                     0x08000203   Thumb Code     0  startup_stm32f10x_md.o(.text)
    USB_HP_CAN1_TX_IRQHandler                0x08000203   Thumb Code     0  startup_stm32f10x_md.o(.text)
    USB_LP_CAN1_RX0_IRQHandler               0x08000203   Thumb Code     0  startup_stm32f10x_md.o(.text)
    WWDG_IRQHandler                          0x08000203   Thumb Code     0  startup_stm32f10x_md.o(.text)
    __user_initial_stackheap                 0x08000205   Thumb Code     0  startup_stm32f10x_md.o(.text)
    __use_no_semihosting                     0x08000229   Thumb Code     2  use_no_semi_2.o(.text)
    __2printf                                0x0800022d   Thumb Code    20  __2printf.o(.text)
    _printf_pre_padding                      0x08000245   Thumb Code    44  _printf_pad.o(.text)
    _printf_post_padding                     0x08000271   Thumb Code    34  _printf_pad.o(.text)
    _printf_str                              0x08000293   Thumb Code    82  _printf_str.o(.text)
    _printf_int_dec                          0x080002e5   Thumb Code   104  _printf_dec.o(.text)
    _printf_longlong_hex                     0x0800035d   Thumb Code    86  _printf_hex_int_ll_ptr.o(.text)
    _printf_int_hex                          0x080003b3   Thumb Code    28  _printf_hex_int_ll_ptr.o(.text)
    _printf_ll_hex                           0x080003cf   Thumb Code    12  _printf_hex_int_ll_ptr.o(.text)
    _printf_hex_ptr                          0x080003db   Thumb Code    18  _printf_hex_int_ll_ptr.o(.text)
    __printf                                 0x080003f1   Thumb Code   388  __printf_flags_ss_wp.o(.text)
    strstr                                   0x08000579   Thumb Code    36  strstr.o(.text)
    __use_two_region_memory                  0x0800059d   Thumb Code     2  heapauxi.o(.text)
    __rt_heap_escrow$2region                 0x0800059f   Thumb Code     2  heapauxi.o(.text)
    __rt_heap_expand$2region                 0x080005a1   Thumb Code     2  heapauxi.o(.text)
    __I$use$semihosting                      0x080005a3   Thumb Code     0  use_no_semi.o(.text)
    __use_no_semihosting_swi                 0x080005a3   Thumb Code     2  use_no_semi.o(.text)
    _printf_int_common                       0x080005a5   Thumb Code   178  _printf_intcommon.o(.text)
    _printf_char_common                      0x08000663   Thumb Code    32  _printf_char_common.o(.text)
    _printf_cs_common                        0x08000689   Thumb Code    20  _printf_char.o(.text)
    _printf_char                             0x0800069d   Thumb Code    16  _printf_char.o(.text)
    _printf_string                           0x080006ad   Thumb Code     8  _printf_char.o(.text)
    _printf_char_file                        0x080006b5   Thumb Code    32  _printf_char_file.o(.text)
    ferror                                   0x080006d9   Thumb Code     8  ferror.o(.text)
    __user_setup_stackheap                   0x080006e1   Thumb Code    74  sys_stackheap_outer.o(.text)
    exit                                     0x0800072b   Thumb Code    18  exit.o(.text)
    __user_libspace                          0x0800073d   Thumb Code     8  libspace.o(.text)
    __user_perproc_libspace                  0x0800073d   Thumb Code     0  libspace.o(.text)
    __user_perthread_libspace                0x0800073d   Thumb Code     0  libspace.o(.text)
    BusFault_Handler                         0x08000745   Thumb Code     4  stm32f10x_it.o(i.BusFault_Handler)
    DebugMon_Handler                         0x08000749   Thumb Code     2  stm32f10x_it.o(i.DebugMon_Handler)
    DelayInit                                0x0800074d   Thumb Code    50  delay.o(i.DelayInit)
    DelayMs                                  0x08000791   Thumb Code    72  delay.o(i.DelayMs)
    EXTI0_IRQHandler                         0x080007dd   Thumb Code    26  exti.o(i.EXTI0_IRQHandler)
    EXTI_ClearITPendingBit                   0x08000801   Thumb Code     6  stm32f10x_exti.o(i.EXTI_ClearITPendingBit)
    EXTI_Init                                0x0800080d   Thumb Code   142  stm32f10x_exti.o(i.EXTI_Init)
    EnsureMessage                            0x080008a1   Thumb Code   140  as608.o(i.EnsureMessage)
    FP_WAK_Init                              0x08000b11   Thumb Code    78  exti.o(i.FP_WAK_Init)
    GPIO_DeInit                              0x08000b61   Thumb Code   172  stm32f10x_gpio.o(i.GPIO_DeInit)
    GPIO_EXTILineConfig                      0x08000c29   Thumb Code    60  stm32f10x_gpio.o(i.GPIO_EXTILineConfig)
    GPIO_Init                                0x08000c69   Thumb Code   278  stm32f10x_gpio.o(i.GPIO_Init)
    GPIO_ReadInputDataBit                    0x08000d7f   Thumb Code    18  stm32f10x_gpio.o(i.GPIO_ReadInputDataBit)
    GPIO_ResetBits                           0x08000d91   Thumb Code     4  stm32f10x_gpio.o(i.GPIO_ResetBits)
    GPIO_SetBits                             0x08000d95   Thumb Code     4  stm32f10x_gpio.o(i.GPIO_SetBits)
    HardFault_Handler                        0x08000d99   Thumb Code     4  stm32f10x_it.o(i.HardFault_Handler)
    MemManage_Handler                        0x08000e41   Thumb Code     4  stm32f10x_it.o(i.MemManage_Handler)
    NMI_Handler                              0x08000e45   Thumb Code     2  stm32f10x_it.o(i.NMI_Handler)
    NVIC_Init                                0x08000e49   Thumb Code   100  misc.o(i.NVIC_Init)
    NVIC_PriorityGroupConfig                 0x08000eb9   Thumb Code    10  misc.o(i.NVIC_PriorityGroupConfig)
    PS_GenChar                               0x08000ecd   Thumb Code    70  as608.o(i.PS_GenChar)
    PS_GetImage                              0x08000f13   Thumb Code    58  as608.o(i.PS_GetImage)
    PS_HighSpeedSearch                       0x08000f4d   Thumb Code   144  as608.o(i.PS_HighSpeedSearch)
    PS_ReadSysPara                           0x08000fdd   Thumb Code   168  as608.o(i.PS_ReadSysPara)
    PS_StaGPIO_Init                          0x080010cd   Thumb Code    38  as608.o(i.PS_StaGPIO_Init)
    PendSV_Handler                           0x080010f9   Thumb Code     2  stm32f10x_it.o(i.PendSV_Handler)
    RCC_APB1PeriphClockCmd                   0x080010fd   Thumb Code    26  stm32f10x_rcc.o(i.RCC_APB1PeriphClockCmd)
    RCC_APB1PeriphResetCmd                   0x0800111d   Thumb Code    26  stm32f10x_rcc.o(i.RCC_APB1PeriphResetCmd)
    RCC_APB2PeriphClockCmd                   0x0800113d   Thumb Code    26  stm32f10x_rcc.o(i.RCC_APB2PeriphClockCmd)
    RCC_APB2PeriphResetCmd                   0x0800115d   Thumb Code    26  stm32f10x_rcc.o(i.RCC_APB2PeriphResetCmd)
    RCC_GetClocksFreq                        0x0800117d   Thumb Code   192  stm32f10x_rcc.o(i.RCC_GetClocksFreq)
    SVC_Handler                              0x08001251   Thumb Code     2  stm32f10x_it.o(i.SVC_Handler)
    ShowErrMessage                           0x080013c1   Thumb Code    22  as608.o(i.ShowErrMessage)
    SysTick_CLKSourceConfig                  0x080013e1   Thumb Code    40  misc.o(i.SysTick_CLKSourceConfig)
    SysTick_Handler                          0x08001409   Thumb Code     2  stm32f10x_it.o(i.SysTick_Handler)
    SystemInit                               0x0800140d   Thumb Code    78  system_stm32f10x.o(i.SystemInit)
    TIM2_IRQHandler                          0x0800146d   Thumb Code   100  mytim.o(i.TIM2_IRQHandler)
    TIM2_Int_Init                            0x080014e5   Thumb Code    92  mytim.o(i.TIM2_Int_Init)
    TIM3_PWM_Init                            0x08001541   Thumb Code   122  mytim.o(i.TIM3_PWM_Init)
    TIM4_IRQHandler                          0x080015c5   Thumb Code    42  mytim.o(i.TIM4_IRQHandler)
    TIM4_Int_Init                            0x080015f9   Thumb Code    90  mytim.o(i.TIM4_Int_Init)
    TIM_ClearITPendingBit                    0x08001659   Thumb Code     6  stm32f10x_tim.o(i.TIM_ClearITPendingBit)
    TIM_Cmd                                  0x0800165f   Thumb Code    24  stm32f10x_tim.o(i.TIM_Cmd)
    TIM_GetCounter                           0x08001677   Thumb Code     6  stm32f10x_tim.o(i.TIM_GetCounter)
    TIM_GetFlagStatus                        0x0800167d   Thumb Code    18  stm32f10x_tim.o(i.TIM_GetFlagStatus)
    TIM_GetITStatus                          0x0800168f   Thumb Code    34  stm32f10x_tim.o(i.TIM_GetITStatus)
    TIM_ITConfig                             0x080016b1   Thumb Code    18  stm32f10x_tim.o(i.TIM_ITConfig)
    TIM_OC3Init                              0x080016c5   Thumb Code   150  stm32f10x_tim.o(i.TIM_OC3Init)
    TIM_OC3PreloadConfig                     0x08001765   Thumb Code    18  stm32f10x_tim.o(i.TIM_OC3PreloadConfig)
    TIM_SetCompare3                          0x08001777   Thumb Code     4  stm32f10x_tim.o(i.TIM_SetCompare3)
    TIM_SetCounter                           0x0800177b   Thumb Code     4  stm32f10x_tim.o(i.TIM_SetCounter)
    TIM_TimeBaseInit                         0x08001781   Thumb Code   122  stm32f10x_tim.o(i.TIM_TimeBaseInit)
    USART1_IRQHandler                        0x08001825   Thumb Code   122  usart.o(i.USART1_IRQHandler)
    USART2_IRQHandler                        0x080018ad   Thumb Code    94  usart.o(i.USART2_IRQHandler)
    USART3_IRQHandler                        0x0800191d   Thumb Code    14  usart.o(i.USART3_IRQHandler)
    USART_Cmd                                0x08001931   Thumb Code    24  stm32f10x_usart.o(i.USART_Cmd)
    USART_DeInit                             0x08001949   Thumb Code   134  stm32f10x_usart.o(i.USART_DeInit)
    USART_GetFlagStatus                      0x080019e5   Thumb Code    26  stm32f10x_usart.o(i.USART_GetFlagStatus)
    USART_GetITStatus                        0x080019ff   Thumb Code    84  stm32f10x_usart.o(i.USART_GetITStatus)
    USART_ITConfig                           0x08001a53   Thumb Code    74  stm32f10x_usart.o(i.USART_ITConfig)
    USART_Init                               0x08001a9d   Thumb Code   210  stm32f10x_usart.o(i.USART_Init)
    USART_ReceiveData                        0x08001b75   Thumb Code    10  stm32f10x_usart.o(i.USART_ReceiveData)
    USART_SendData                           0x08001b7f   Thumb Code     8  stm32f10x_usart.o(i.USART_SendData)
    UsageFault_Handler                       0x08001b87   Thumb Code     4  stm32f10x_it.o(i.UsageFault_Handler)
    WIFI_send_id                             0x08001b8d   Thumb Code    50  main.o(i.WIFI_send_id)
    _is_digit                                0x08001bc9   Thumb Code    14  __printf_wp.o(i._is_digit)
    _sys_exit                                0x08001bd7   Thumb Code     4  usart.o(i._sys_exit)
    fputc                                    0x08001bdd   Thumb Code    24  usart.o(i.fputc)
    main                                     0x08001bf9   Thumb Code   158  main.o(i.main)
    press_FR                                 0x08001ccd   Thumb Code   102  as608.o(i.press_FR)
    read_addr                                0x08001d7d   Thumb Code     6  usmart.o(i.read_addr)
    servo_control                            0x08001d83   Thumb Code    22  servo.o(i.servo_control)
    servo_init                               0x08001d99   Thumb Code    28  servo.o(i.servo_init)
    servo_set_compare                        0x08001db9   Thumb Code    14  servo.o(i.servo_set_compare)
    uart_init                                0x08001dcd   Thumb Code   154  usart.o(i.uart_init)
    usart2_init                              0x08001e71   Thumb Code   186  usart.o(i.usart2_init)
    usart3_init                              0x08001f41   Thumb Code   148  usart.o(i.usart3_init)
    user_led_init                            0x08001fdd   Thumb Code    32  main.o(i.user_led_init)
    usmart_cmd_rec                           0x08002005   Thumb Code   170  usmart.o(i.usmart_cmd_rec)
    usmart_exe                               0x080020b5   Thumb Code   632  usmart.o(i.usmart_exe)
    usmart_get_aparm                         0x08002389   Thumb Code   200  usmart_str.o(i.usmart_get_aparm)
    usmart_get_cmdname                       0x08002451   Thumb Code    54  usmart_str.o(i.usmart_get_cmdname)
    usmart_get_fname                         0x08002489   Thumb Code   440  usmart_str.o(i.usmart_get_fname)
    usmart_get_fparam                        0x08002649   Thumb Code   262  usmart_str.o(i.usmart_get_fparam)
    usmart_get_parmpos                       0x08002755   Thumb Code    26  usmart_str.o(i.usmart_get_parmpos)
    usmart_get_runtime                       0x08002775   Thumb Code    60  usmart.o(i.usmart_get_runtime)
    usmart_init                              0x080027b9   Thumb Code     8  usmart.o(i.usmart_init)
    usmart_pow                               0x080027c5   Thumb Code    22  usmart_str.o(i.usmart_pow)
    usmart_reset_runtime                     0x080027dd   Thumb Code    10  usmart.o(i.usmart_reset_runtime)
    usmart_scan                              0x080027ed   Thumb Code   120  usmart.o(i.usmart_scan)
    usmart_search_nextc                      0x080028a9   Thumb Code    22  usmart_str.o(i.usmart_search_nextc)
    usmart_str2num                           0x080028bf   Thumb Code   202  usmart_str.o(i.usmart_str2num)
    usmart_strcmp                            0x08002989   Thumb Code    34  usmart_str.o(i.usmart_strcmp)
    usmart_strcopy                           0x080029ab   Thumb Code    22  usmart_str.o(i.usmart_strcopy)
    usmart_strlen                            0x080029c1   Thumb Code    24  usmart_str.o(i.usmart_strlen)
    usmart_sys_cmd_exe                       0x080029d9   Thumb Code  1554  usmart.o(i.usmart_sys_cmd_exe)
    write_addr                               0x080030bd   Thumb Code     4  usmart.o(i.write_addr)
    Region$$Table$$Base                      0x080031a8   Number         0  anon$$obj.o(Region$$Table)
    Region$$Table$$Limit                     0x080031c8   Number         0  anon$$obj.o(Region$$Table)
    FP_id                                    0x20000000   Data           1  main.o(.data)
    FP_Trig_Flag                             0x20000001   Data           1  main.o(.data)
    servo_Stauts                             0x20000002   Data           1  main.o(.data)
    SystemCoreClock                          0x20000018   Data           4  system_stm32f10x.o(.data)
    AHBPrescTable                            0x2000001c   Data          16  system_stm32f10x.o(.data)
    AS608Addr                                0x2000002c   Data           4  as608.o(.data)
    ValidN                                   0x20000030   Data           2  as608.o(.data)
    TIM2_Timer10ms_counter                   0x20000036   Data           1  mytim.o(.data)
    TIM2_Timer10ms_Servo_counter             0x20000037   Data           1  mytim.o(.data)
    __stdout                                 0x20000038   Data           4  usart.o(.data)
    USART_RX_STA                             0x2000003c   Data           2  usart.o(.data)
    USART2_RX_STA                            0x2000003e   Data           2  usart.o(.data)
    FP_WAK_Trig                              0x20000040   Data           1  exti.o(.data)
    sys_cmd_tab                              0x20000044   Data          28  usmart.o(.data)
    usmart_nametab                           0x20000060   Data          32  usmart_config.o(.data)
    usmart_dev                               0x20000080   Data         244  usmart_config.o(.data)
    AS608Para                                0x20000174   Data          12  as608.o(.bss)
    USART_RX_BUF                             0x20000180   Data         200  usart.o(.bss)
    USART2_RX_BUF                            0x20000248   Data         400  usart.o(.bss)
    USART2_TX_BUF                            0x200003d8   Data         400  usart.o(.bss)
    __libspace_start                         0x20000568   Data          96  libspace.o(.bss)
    __temporary_stack_top$libspace           0x200005c8   Data           0  libspace.o(.bss)



==============================================================================

Memory Map of the image

  Image Entry point : 0x080000ed

  Load Region LR_IROM1 (Base: 0x08000000, Size: 0x0000333c, Max: 0x00010000, ABSOLUTE, COMPRESSED[0x0000322c])

    Execution Region ER_IROM1 (Exec base: 0x08000000, Load base: 0x08000000, Size: 0x000031c8, Max: 0x00010000, ABSOLUTE)

    Exec Addr    Load Addr    Size         Type   Attr      Idx    E Section Name        Object

    0x08000000   0x08000000   0x000000ec   Data   RO         3276    RESET               startup_stm32f10x_md.o
    0x080000ec   0x080000ec   0x00000008   Code   RO         3937  * !!!main             c_w.l(__main.o)
    0x080000f4   0x080000f4   0x00000034   Code   RO         4209    !!!scatter          c_w.l(__scatter.o)
    0x08000128   0x08000128   0x0000005a   Code   RO         4207    !!dczerorl2         c_w.l(__dczerorl2.o)
    0x08000182   0x08000182   0x00000002   PAD
    0x08000184   0x08000184   0x0000001c   Code   RO         4211    !!handler_zi        c_w.l(__scatter_zi.o)
    0x080001a0   0x080001a0   0x00000000   Code   RO         3930    .ARM.Collect$$_printf_percent$$00000000  c_w.l(_printf_percent.o)
    0x080001a0   0x080001a0   0x00000006   Code   RO         3928    .ARM.Collect$$_printf_percent$$00000009  c_w.l(_printf_d.o)
    0x080001a6   0x080001a6   0x00000006   Code   RO         3929    .ARM.Collect$$_printf_percent$$0000000A  c_w.l(_printf_u.o)
    0x080001ac   0x080001ac   0x00000006   Code   RO         3927    .ARM.Collect$$_printf_percent$$0000000C  c_w.l(_printf_x.o)
    0x080001b2   0x080001b2   0x00000006   Code   RO         3925    .ARM.Collect$$_printf_percent$$00000013  c_w.l(_printf_c.o)
    0x080001b8   0x080001b8   0x00000006   Code   RO         3926    .ARM.Collect$$_printf_percent$$00000014  c_w.l(_printf_s.o)
    0x080001be   0x080001be   0x00000004   Code   RO         3975    .ARM.Collect$$_printf_percent$$00000017  c_w.l(_printf_percent_end.o)
    0x080001c2   0x080001c2   0x00000002   Code   RO         4071    .ARM.Collect$$libinit$$00000000  c_w.l(libinit.o)
    0x080001c4   0x080001c4   0x00000000   Code   RO         4088    .ARM.Collect$$libinit$$00000002  c_w.l(libinit2.o)
    0x080001c4   0x080001c4   0x00000000   Code   RO         4090    .ARM.Collect$$libinit$$00000004  c_w.l(libinit2.o)
    0x080001c4   0x080001c4   0x00000000   Code   RO         4093    .ARM.Collect$$libinit$$0000000A  c_w.l(libinit2.o)
    0x080001c4   0x080001c4   0x00000000   Code   RO         4095    .ARM.Collect$$libinit$$0000000C  c_w.l(libinit2.o)
    0x080001c4   0x080001c4   0x00000000   Code   RO         4097    .ARM.Collect$$libinit$$0000000E  c_w.l(libinit2.o)
    0x080001c4   0x080001c4   0x00000000   Code   RO         4100    .ARM.Collect$$libinit$$00000011  c_w.l(libinit2.o)
    0x080001c4   0x080001c4   0x00000000   Code   RO         4102    .ARM.Collect$$libinit$$00000013  c_w.l(libinit2.o)
    0x080001c4   0x080001c4   0x00000000   Code   RO         4104    .ARM.Collect$$libinit$$00000015  c_w.l(libinit2.o)
    0x080001c4   0x080001c4   0x00000000   Code   RO         4106    .ARM.Collect$$libinit$$00000017  c_w.l(libinit2.o)
    0x080001c4   0x080001c4   0x00000000   Code   RO         4108    .ARM.Collect$$libinit$$00000019  c_w.l(libinit2.o)
    0x080001c4   0x080001c4   0x00000000   Code   RO         4110    .ARM.Collect$$libinit$$0000001B  c_w.l(libinit2.o)
    0x080001c4   0x080001c4   0x00000000   Code   RO         4112    .ARM.Collect$$libinit$$0000001D  c_w.l(libinit2.o)
    0x080001c4   0x080001c4   0x00000000   Code   RO         4114    .ARM.Collect$$libinit$$0000001F  c_w.l(libinit2.o)
    0x080001c4   0x080001c4   0x00000000   Code   RO         4116    .ARM.Collect$$libinit$$00000021  c_w.l(libinit2.o)
    0x080001c4   0x080001c4   0x00000000   Code   RO         4118    .ARM.Collect$$libinit$$00000023  c_w.l(libinit2.o)
    0x080001c4   0x080001c4   0x00000000   Code   RO         4120    .ARM.Collect$$libinit$$00000025  c_w.l(libinit2.o)
    0x080001c4   0x080001c4   0x00000000   Code   RO         4124    .ARM.Collect$$libinit$$0000002C  c_w.l(libinit2.o)
    0x080001c4   0x080001c4   0x00000000   Code   RO         4126    .ARM.Collect$$libinit$$0000002E  c_w.l(libinit2.o)
    0x080001c4   0x080001c4   0x00000000   Code   RO         4128    .ARM.Collect$$libinit$$00000030  c_w.l(libinit2.o)
    0x080001c4   0x080001c4   0x00000000   Code   RO         4130    .ARM.Collect$$libinit$$00000032  c_w.l(libinit2.o)
    0x080001c4   0x080001c4   0x00000002   Code   RO         4131    .ARM.Collect$$libinit$$00000033  c_w.l(libinit2.o)
    0x080001c6   0x080001c6   0x00000002   Code   RO         4149    .ARM.Collect$$libshutdown$$00000000  c_w.l(libshutdown.o)
    0x080001c8   0x080001c8   0x00000000   Code   RO         4159    .ARM.Collect$$libshutdown$$00000002  c_w.l(libshutdown2.o)
    0x080001c8   0x080001c8   0x00000000   Code   RO         4161    .ARM.Collect$$libshutdown$$00000004  c_w.l(libshutdown2.o)
    0x080001c8   0x080001c8   0x00000000   Code   RO         4164    .ARM.Collect$$libshutdown$$00000007  c_w.l(libshutdown2.o)
    0x080001c8   0x080001c8   0x00000000   Code   RO         4167    .ARM.Collect$$libshutdown$$0000000A  c_w.l(libshutdown2.o)
    0x080001c8   0x080001c8   0x00000000   Code   RO         4169    .ARM.Collect$$libshutdown$$0000000C  c_w.l(libshutdown2.o)
    0x080001c8   0x080001c8   0x00000000   Code   RO         4172    .ARM.Collect$$libshutdown$$0000000F  c_w.l(libshutdown2.o)
    0x080001c8   0x080001c8   0x00000002   Code   RO         4173    .ARM.Collect$$libshutdown$$00000010  c_w.l(libshutdown2.o)
    0x080001ca   0x080001ca   0x00000000   Code   RO         3941    .ARM.Collect$$rtentry$$00000000  c_w.l(__rtentry.o)
    0x080001ca   0x080001ca   0x00000000   Code   RO         3994    .ARM.Collect$$rtentry$$00000002  c_w.l(__rtentry2.o)
    0x080001ca   0x080001ca   0x00000006   Code   RO         4006    .ARM.Collect$$rtentry$$00000004  c_w.l(__rtentry4.o)
    0x080001d0   0x080001d0   0x00000000   Code   RO         3996    .ARM.Collect$$rtentry$$00000009  c_w.l(__rtentry2.o)
    0x080001d0   0x080001d0   0x00000004   Code   RO         3997    .ARM.Collect$$rtentry$$0000000A  c_w.l(__rtentry2.o)
    0x080001d4   0x080001d4   0x00000000   Code   RO         3999    .ARM.Collect$$rtentry$$0000000C  c_w.l(__rtentry2.o)
    0x080001d4   0x080001d4   0x00000008   Code   RO         4000    .ARM.Collect$$rtentry$$0000000D  c_w.l(__rtentry2.o)
    0x080001dc   0x080001dc   0x00000002   Code   RO         4080    .ARM.Collect$$rtexit$$00000000  c_w.l(rtexit.o)
    0x080001de   0x080001de   0x00000000   Code   RO         4133    .ARM.Collect$$rtexit$$00000002  c_w.l(rtexit2.o)
    0x080001de   0x080001de   0x00000004   Code   RO         4134    .ARM.Collect$$rtexit$$00000003  c_w.l(rtexit2.o)
    0x080001e2   0x080001e2   0x00000006   Code   RO         4135    .ARM.Collect$$rtexit$$00000004  c_w.l(rtexit2.o)
    0x080001e8   0x080001e8   0x00000040   Code   RO         3277    .text               startup_stm32f10x_md.o
    0x08000228   0x08000228   0x00000002   Code   RO         3868    .text               c_w.l(use_no_semi_2.o)
    0x0800022a   0x0800022a   0x00000002   PAD
    0x0800022c   0x0800022c   0x00000018   Code   RO         3872    .text               c_w.l(__2printf.o)
    0x08000244   0x08000244   0x0000004e   Code   RO         3878    .text               c_w.l(_printf_pad.o)
    0x08000292   0x08000292   0x00000052   Code   RO         3880    .text               c_w.l(_printf_str.o)
    0x080002e4   0x080002e4   0x00000078   Code   RO         3882    .text               c_w.l(_printf_dec.o)
    0x0800035c   0x0800035c   0x00000094   Code   RO         3902    .text               c_w.l(_printf_hex_int_ll_ptr.o)
    0x080003f0   0x080003f0   0x00000188   Code   RO         3922    .text               c_w.l(__printf_flags_ss_wp.o)
    0x08000578   0x08000578   0x00000024   Code   RO         3931    .text               c_w.l(strstr.o)
    0x0800059c   0x0800059c   0x00000006   Code   RO         3935    .text               c_w.l(heapauxi.o)
    0x080005a2   0x080005a2   0x00000002   Code   RO         3939    .text               c_w.l(use_no_semi.o)
    0x080005a4   0x080005a4   0x000000b2   Code   RO         3944    .text               c_w.l(_printf_intcommon.o)
    0x08000656   0x08000656   0x00000002   PAD
    0x08000658   0x08000658   0x00000030   Code   RO         3948    .text               c_w.l(_printf_char_common.o)
    0x08000688   0x08000688   0x0000002c   Code   RO         3952    .text               c_w.l(_printf_char.o)
    0x080006b4   0x080006b4   0x00000024   Code   RO         3954    .text               c_w.l(_printf_char_file.o)
    0x080006d8   0x080006d8   0x00000008   Code   RO         4019    .text               c_w.l(ferror.o)
    0x080006e0   0x080006e0   0x0000004a   Code   RO         4025    .text               c_w.l(sys_stackheap_outer.o)
    0x0800072a   0x0800072a   0x00000012   Code   RO         4064    .text               c_w.l(exit.o)
    0x0800073c   0x0800073c   0x00000008   Code   RO         4077    .text               c_w.l(libspace.o)
    0x08000744   0x08000744   0x00000004   Code   RO          155    i.BusFault_Handler  stm32f10x_it.o
    0x08000748   0x08000748   0x00000002   Code   RO          156    i.DebugMon_Handler  stm32f10x_it.o
    0x0800074a   0x0800074a   0x00000002   PAD
    0x0800074c   0x0800074c   0x00000044   Code   RO         3514    i.DelayInit         delay.o
    0x08000790   0x08000790   0x0000004c   Code   RO         3515    i.DelayMs           delay.o
    0x080007dc   0x080007dc   0x00000024   Code   RO         3670    i.EXTI0_IRQHandler  exti.o
    0x08000800   0x08000800   0x0000000c   Code   RO         1042    i.EXTI_ClearITPendingBit  stm32f10x_exti.o
    0x0800080c   0x0800080c   0x00000094   Code   RO         1047    i.EXTI_Init         stm32f10x_exti.o
    0x080008a0   0x080008a0   0x00000270   Code   RO         3283    i.EnsureMessage     as608.o
    0x08000b10   0x08000b10   0x0000004e   Code   RO         3671    i.FP_WAK_Init       exti.o
    0x08000b5e   0x08000b5e   0x00000002   PAD
    0x08000b60   0x08000b60   0x000000c8   Code   RO         1390    i.GPIO_DeInit       stm32f10x_gpio.o
    0x08000c28   0x08000c28   0x00000040   Code   RO         1392    i.GPIO_EXTILineConfig  stm32f10x_gpio.o
    0x08000c68   0x08000c68   0x00000116   Code   RO         1395    i.GPIO_Init         stm32f10x_gpio.o
    0x08000d7e   0x08000d7e   0x00000012   Code   RO         1399    i.GPIO_ReadInputDataBit  stm32f10x_gpio.o
    0x08000d90   0x08000d90   0x00000004   Code   RO         1402    i.GPIO_ResetBits    stm32f10x_gpio.o
    0x08000d94   0x08000d94   0x00000004   Code   RO         1403    i.GPIO_SetBits      stm32f10x_gpio.o
    0x08000d98   0x08000d98   0x00000004   Code   RO          157    i.HardFault_Handler  stm32f10x_it.o
    0x08000d9c   0x08000d9c   0x00000088   Code   RO         3285    i.JudgeStr          as608.o
    0x08000e24   0x08000e24   0x0000001c   Code   RO         3286    i.MYUSART_SendData  as608.o
    0x08000e40   0x08000e40   0x00000004   Code   RO          158    i.MemManage_Handler  stm32f10x_it.o
    0x08000e44   0x08000e44   0x00000002   Code   RO          159    i.NMI_Handler       stm32f10x_it.o
    0x08000e46   0x08000e46   0x00000002   PAD
    0x08000e48   0x08000e48   0x00000070   Code   RO          244    i.NVIC_Init         misc.o
    0x08000eb8   0x08000eb8   0x00000014   Code   RO          245    i.NVIC_PriorityGroupConfig  misc.o
    0x08000ecc   0x08000ecc   0x00000046   Code   RO         3289    i.PS_GenChar        as608.o
    0x08000f12   0x08000f12   0x0000003a   Code   RO         3290    i.PS_GetImage       as608.o
    0x08000f4c   0x08000f4c   0x00000090   Code   RO         3292    i.PS_HighSpeedSearch  as608.o
    0x08000fdc   0x08000fdc   0x000000f0   Code   RO         3295    i.PS_ReadSysPara    as608.o
    0x080010cc   0x080010cc   0x0000002c   Code   RO         3299    i.PS_StaGPIO_Init   as608.o
    0x080010f8   0x080010f8   0x00000002   Code   RO          160    i.PendSV_Handler    stm32f10x_it.o
    0x080010fa   0x080010fa   0x00000002   PAD
    0x080010fc   0x080010fc   0x00000020   Code   RO         1811    i.RCC_APB1PeriphClockCmd  stm32f10x_rcc.o
    0x0800111c   0x0800111c   0x00000020   Code   RO         1812    i.RCC_APB1PeriphResetCmd  stm32f10x_rcc.o
    0x0800113c   0x0800113c   0x00000020   Code   RO         1813    i.RCC_APB2PeriphClockCmd  stm32f10x_rcc.o
    0x0800115c   0x0800115c   0x00000020   Code   RO         1814    i.RCC_APB2PeriphResetCmd  stm32f10x_rcc.o
    0x0800117c   0x0800117c   0x000000d4   Code   RO         1821    i.RCC_GetClocksFreq  stm32f10x_rcc.o
    0x08001250   0x08001250   0x00000002   Code   RO          161    i.SVC_Handler       stm32f10x_it.o
    0x08001252   0x08001252   0x00000002   PAD
    0x08001254   0x08001254   0x00000034   Code   RO         3304    i.SendAddr          as608.o
    0x08001288   0x08001288   0x00000012   Code   RO         3305    i.SendCheck         as608.o
    0x0800129a   0x0800129a   0x0000000c   Code   RO         3306    i.SendFlag          as608.o
    0x080012a6   0x080012a6   0x00000010   Code   RO         3307    i.SendHead          as608.o
    0x080012b6   0x080012b6   0x00000014   Code   RO         3308    i.SendLength        as608.o
    0x080012ca   0x080012ca   0x0000000c   Code   RO         3309    i.Sendcmd           as608.o
    0x080012d6   0x080012d6   0x00000008   Code   RO         3221    i.SetSysClock       system_stm32f10x.o
    0x080012de   0x080012de   0x00000002   PAD
    0x080012e0   0x080012e0   0x000000e0   Code   RO         3222    i.SetSysClockTo72   system_stm32f10x.o
    0x080013c0   0x080013c0   0x00000020   Code   RO         3310    i.ShowErrMessage    as608.o
    0x080013e0   0x080013e0   0x00000028   Code   RO          248    i.SysTick_CLKSourceConfig  misc.o
    0x08001408   0x08001408   0x00000002   Code   RO          162    i.SysTick_Handler   stm32f10x_it.o
    0x0800140a   0x0800140a   0x00000002   PAD
    0x0800140c   0x0800140c   0x00000060   Code   RO         3224    i.SystemInit        system_stm32f10x.o
    0x0800146c   0x0800146c   0x00000078   Code   RO         3549    i.TIM2_IRQHandler   mytim.o
    0x080014e4   0x080014e4   0x0000005c   Code   RO         3550    i.TIM2_Int_Init     mytim.o
    0x08001540   0x08001540   0x00000084   Code   RO         3551    i.TIM3_PWM_Init     mytim.o
    0x080015c4   0x080015c4   0x00000034   Code   RO         3552    i.TIM4_IRQHandler   mytim.o
    0x080015f8   0x080015f8   0x00000060   Code   RO         3553    i.TIM4_Int_Init     mytim.o
    0x08001658   0x08001658   0x00000006   Code   RO         2440    i.TIM_ClearITPendingBit  stm32f10x_tim.o
    0x0800165e   0x0800165e   0x00000018   Code   RO         2445    i.TIM_Cmd           stm32f10x_tim.o
    0x08001676   0x08001676   0x00000006   Code   RO         2464    i.TIM_GetCounter    stm32f10x_tim.o
    0x0800167c   0x0800167c   0x00000012   Code   RO         2465    i.TIM_GetFlagStatus  stm32f10x_tim.o
    0x0800168e   0x0800168e   0x00000022   Code   RO         2466    i.TIM_GetITStatus   stm32f10x_tim.o
    0x080016b0   0x080016b0   0x00000012   Code   RO         2470    i.TIM_ITConfig      stm32f10x_tim.o
    0x080016c2   0x080016c2   0x00000002   PAD
    0x080016c4   0x080016c4   0x000000a0   Code   RO         2484    i.TIM_OC3Init       stm32f10x_tim.o
    0x08001764   0x08001764   0x00000012   Code   RO         2487    i.TIM_OC3PreloadConfig  stm32f10x_tim.o
    0x08001776   0x08001776   0x00000004   Code   RO         2508    i.TIM_SetCompare3   stm32f10x_tim.o
    0x0800177a   0x0800177a   0x00000004   Code   RO         2510    i.TIM_SetCounter    stm32f10x_tim.o
    0x0800177e   0x0800177e   0x00000002   PAD
    0x08001780   0x08001780   0x000000a4   Code   RO         2516    i.TIM_TimeBaseInit  stm32f10x_tim.o
    0x08001824   0x08001824   0x00000088   Code   RO         3593    i.USART1_IRQHandler  usart.o
    0x080018ac   0x080018ac   0x00000070   Code   RO         3594    i.USART2_IRQHandler  usart.o
    0x0800191c   0x0800191c   0x00000014   Code   RO         3595    i.USART3_IRQHandler  usart.o
    0x08001930   0x08001930   0x00000018   Code   RO         2981    i.USART_Cmd         stm32f10x_usart.o
    0x08001948   0x08001948   0x0000009c   Code   RO         2983    i.USART_DeInit      stm32f10x_usart.o
    0x080019e4   0x080019e4   0x0000001a   Code   RO         2984    i.USART_GetFlagStatus  stm32f10x_usart.o
    0x080019fe   0x080019fe   0x00000054   Code   RO         2985    i.USART_GetITStatus  stm32f10x_usart.o
    0x08001a52   0x08001a52   0x0000004a   Code   RO         2987    i.USART_ITConfig    stm32f10x_usart.o
    0x08001a9c   0x08001a9c   0x000000d8   Code   RO         2988    i.USART_Init        stm32f10x_usart.o
    0x08001b74   0x08001b74   0x0000000a   Code   RO         2995    i.USART_ReceiveData  stm32f10x_usart.o
    0x08001b7e   0x08001b7e   0x00000008   Code   RO         2998    i.USART_SendData    stm32f10x_usart.o
    0x08001b86   0x08001b86   0x00000004   Code   RO          163    i.UsageFault_Handler  stm32f10x_it.o
    0x08001b8a   0x08001b8a   0x00000002   PAD
    0x08001b8c   0x08001b8c   0x0000003c   Code   RO            1    i.WIFI_send_id      main.o
    0x08001bc8   0x08001bc8   0x0000000e   Code   RO         3915    i._is_digit         c_w.l(__printf_wp.o)
    0x08001bd6   0x08001bd6   0x00000004   Code   RO         3596    i._sys_exit         usart.o
    0x08001bda   0x08001bda   0x00000002   PAD
    0x08001bdc   0x08001bdc   0x0000001c   Code   RO         3597    i.fputc             usart.o
    0x08001bf8   0x08001bf8   0x000000d4   Code   RO            2    i.main              main.o
    0x08001ccc   0x08001ccc   0x000000b0   Code   RO         3311    i.press_FR          as608.o
    0x08001d7c   0x08001d7c   0x00000006   Code   RO         3696    i.read_addr         usmart.o
    0x08001d82   0x08001d82   0x00000016   Code   RO         3483    i.servo_control     servo.o
    0x08001d98   0x08001d98   0x00000020   Code   RO         3484    i.servo_init        servo.o
    0x08001db8   0x08001db8   0x00000014   Code   RO         3485    i.servo_set_compare  servo.o
    0x08001dcc   0x08001dcc   0x000000a4   Code   RO         3599    i.uart_init         usart.o
    0x08001e70   0x08001e70   0x000000d0   Code   RO         3600    i.usart2_init       usart.o
    0x08001f40   0x08001f40   0x0000009c   Code   RO         3601    i.usart3_init       usart.o
    0x08001fdc   0x08001fdc   0x00000028   Code   RO            3    i.user_led_init     main.o
    0x08002004   0x08002004   0x000000b0   Code   RO         3697    i.usmart_cmd_rec    usmart.o
    0x080020b4   0x080020b4   0x000002d4   Code   RO         3698    i.usmart_exe        usmart.o
    0x08002388   0x08002388   0x000000c8   Code   RO         3794    i.usmart_get_aparm  usmart_str.o
    0x08002450   0x08002450   0x00000036   Code   RO         3795    i.usmart_get_cmdname  usmart_str.o
    0x08002486   0x08002486   0x00000002   PAD
    0x08002488   0x08002488   0x000001c0   Code   RO         3796    i.usmart_get_fname  usmart_str.o
    0x08002648   0x08002648   0x0000010c   Code   RO         3797    i.usmart_get_fparam  usmart_str.o
    0x08002754   0x08002754   0x00000020   Code   RO         3798    i.usmart_get_parmpos  usmart_str.o
    0x08002774   0x08002774   0x00000044   Code   RO         3699    i.usmart_get_runtime  usmart.o
    0x080027b8   0x080027b8   0x0000000c   Code   RO         3700    i.usmart_init       usmart.o
    0x080027c4   0x080027c4   0x00000016   Code   RO         3799    i.usmart_pow        usmart_str.o
    0x080027da   0x080027da   0x00000002   PAD
    0x080027dc   0x080027dc   0x00000010   Code   RO         3701    i.usmart_reset_runtime  usmart.o
    0x080027ec   0x080027ec   0x000000bc   Code   RO         3702    i.usmart_scan       usmart.o
    0x080028a8   0x080028a8   0x00000016   Code   RO         3800    i.usmart_search_nextc  usmart_str.o
    0x080028be   0x080028be   0x000000ca   Code   RO         3801    i.usmart_str2num    usmart_str.o
    0x08002988   0x08002988   0x00000022   Code   RO         3802    i.usmart_strcmp     usmart_str.o
    0x080029aa   0x080029aa   0x00000016   Code   RO         3803    i.usmart_strcopy    usmart_str.o
    0x080029c0   0x080029c0   0x00000018   Code   RO         3804    i.usmart_strlen     usmart_str.o
    0x080029d8   0x080029d8   0x000006e4   Code   RO         3703    i.usmart_sys_cmd_exe  usmart.o
    0x080030bc   0x080030bc   0x00000004   Code   RO         3704    i.write_addr        usmart.o
    0x080030c0   0x080030c0   0x00000004   Data   RO            4    .constdata          main.o
    0x080030c4   0x080030c4   0x00000028   Data   RO         3903    .constdata          c_w.l(_printf_hex_int_ll_ptr.o)
    0x080030ec   0x080030ec   0x00000011   Data   RO         3923    .constdata          c_w.l(__printf_flags_ss_wp.o)
    0x080030fd   0x080030fd   0x00000003   PAD
    0x08003100   0x08003100   0x00000028   Data   RO         3705    .conststring        usmart.o
    0x08003128   0x08003128   0x00000080   Data   RO         3781    .conststring        usmart_config.o
    0x080031a8   0x080031a8   0x00000020   Data   RO         4205    Region$$Table       anon$$obj.o


    Execution Region RW_IRAM1 (Exec base: 0x20000000, Load base: 0x080031c8, Size: 0x00000bc8, Max: 0x00005000, ABSOLUTE, COMPRESSED[0x00000064])

    Exec Addr    Load Addr    Size         Type   Attr      Idx    E Section Name        Object

    0x20000000   COMPRESSED   0x00000003   Data   RW            5    .data               main.o
    0x20000003   COMPRESSED   0x00000014   Data   RW         1841    .data               stm32f10x_rcc.o
    0x20000017   COMPRESSED   0x00000001   PAD
    0x20000018   COMPRESSED   0x00000014   Data   RW         3225    .data               system_stm32f10x.o
    0x2000002c   COMPRESSED   0x00000006   Data   RW         3313    .data               as608.o
    0x20000032   COMPRESSED   0x00000004   Data   RW         3518    .data               delay.o
    0x20000036   COMPRESSED   0x00000002   Data   RW         3554    .data               mytim.o
    0x20000038   COMPRESSED   0x00000008   Data   RW         3603    .data               usart.o
    0x20000040   COMPRESSED   0x00000001   Data   RW         3672    .data               exti.o
    0x20000041   COMPRESSED   0x00000003   PAD
    0x20000044   COMPRESSED   0x0000001c   Data   RW         3706    .data               usmart.o
    0x20000060   COMPRESSED   0x00000114   Data   RW         3782    .data               usmart_config.o
    0x20000174        -       0x0000000c   Zero   RW         3312    .bss                as608.o
    0x20000180        -       0x000003e8   Zero   RW         3602    .bss                usart.o
    0x20000568        -       0x00000060   Zero   RW         4078    .bss                c_w.l(libspace.o)
    0x200005c8        -       0x00000200   Zero   RW         3275    HEAP                startup_stm32f10x_md.o
    0x200007c8        -       0x00000400   Zero   RW         3274    STACK               startup_stm32f10x_md.o


==============================================================================

Image component sizes


      Code (inc. data)   RO Data    RW Data    ZI Data      Debug   Object Name

      1682        706          0          6         12      10681   as608.o
       144         22          0          4          0       1234   delay.o
       114         10          0          1          0       1287   exti.o
       312         72          4          3          0     255672   main.o
       172         22          0          0          0       2161   misc.o
       492         46          0          2          0       3410   mytim.o
        74         10          0          0          0       1525   servo.o
        64         26        236          0       1536        840   startup_stm32f10x_md.o
       160         12          0          0          0       1609   stm32f10x_exti.o
       568         32          0          0          0       5020   stm32f10x_gpio.o
        26          0          0          0          0       3946   stm32f10x_it.o
       340         44          0         20          0       5692   stm32f10x_rcc.o
       456         52          0          0          0       7163   stm32f10x_tim.o
       598         28          0          0          0       6880   stm32f10x_usart.o
         0          0          0          0          0         32   sys.o
       328         28          0         20          0       2389   system_stm32f10x.o
       828         82          0          8       1000       7710   usart.o
      2958       1312         40         28          0       6610   usmart.o
         0          0        128        276          0       1724   usmart_config.o
      1328         20          0          0          0       8713   usmart_str.o

    ----------------------------------------------------------------------
     10670       2524        440        372       2548     334298   Object Totals
         0          0         32          0          0          0   (incl. Generated)
        26          0          0          4          0          0   (incl. Padding)

    ----------------------------------------------------------------------

      Code (inc. data)   RO Data    RW Data    ZI Data      Debug   Library Member Name

        24          4          0          0          0         84   __2printf.o
        90          0          0          0          0          0   __dczerorl2.o
         8          0          0          0          0         68   __main.o
       392          4         17          0          0         92   __printf_flags_ss_wp.o
        14          0          0          0          0         68   __printf_wp.o
         0          0          0          0          0          0   __rtentry.o
        12          0          0          0          0          0   __rtentry2.o
         6          0          0          0          0          0   __rtentry4.o
        52          8          0          0          0          0   __scatter.o
        28          0          0          0          0          0   __scatter_zi.o
         6          0          0          0          0          0   _printf_c.o
        44          0          0          0          0        108   _printf_char.o
        48          6          0          0          0         96   _printf_char_common.o
        36          4          0          0          0         80   _printf_char_file.o
         6          0          0          0          0          0   _printf_d.o
       120         16          0          0          0         92   _printf_dec.o
       148          4         40          0          0        160   _printf_hex_int_ll_ptr.o
       178          0          0          0          0         88   _printf_intcommon.o
        78          0          0          0          0        108   _printf_pad.o
         0          0          0          0          0          0   _printf_percent.o
         4          0          0          0          0          0   _printf_percent_end.o
         6          0          0          0          0          0   _printf_s.o
        82          0          0          0          0         80   _printf_str.o
         6          0          0          0          0          0   _printf_u.o
         6          0          0          0          0          0   _printf_x.o
        18          0          0          0          0         80   exit.o
         8          0          0          0          0         68   ferror.o
         6          0          0          0          0        152   heapauxi.o
         2          0          0          0          0          0   libinit.o
         2          0          0          0          0          0   libinit2.o
         2          0          0          0          0          0   libshutdown.o
         2          0          0          0          0          0   libshutdown2.o
         8          4          0          0         96         68   libspace.o
         2          0          0          0          0          0   rtexit.o
        10          0          0          0          0          0   rtexit2.o
        36          0          0          0          0         80   strstr.o
        74          0          0          0          0         80   sys_stackheap_outer.o
         2          0          0          0          0         68   use_no_semi.o
         2          0          0          0          0         68   use_no_semi_2.o

    ----------------------------------------------------------------------
      1574         50         60          0         96       1788   Library Totals
         6          0          3          0          0          0   (incl. Padding)

    ----------------------------------------------------------------------

      Code (inc. data)   RO Data    RW Data    ZI Data      Debug   Library Name

      1568         50         57          0         96       1788   c_w.l

    ----------------------------------------------------------------------
      1574         50         60          0         96       1788   Library Totals

    ----------------------------------------------------------------------

==============================================================================


      Code (inc. data)   RO Data    RW Data    ZI Data      Debug   

     12244       2574        500        372       2644     329998   Grand Totals
     12244       2574        500        100       2644     329998   ELF Image Totals (compressed)
     12244       2574        500        100          0          0   ROM Totals

==============================================================================

    Total RO  Size (Code + RO Data)                12744 (  12.45kB)
    Total RW  Size (RW Data + ZI Data)              3016 (   2.95kB)
    Total ROM Size (Code + RO Data + RW Data)      12844 (  12.54kB)

==============================================================================

